文档ID: https://news.nankai.edu.cn/ztbd/system/2021/06/27/030047003.shtml, 错误原因: 'str' object has no attribute 'get'
文档ID: https://news.nankai.edu.cn/ztbd/system/2021/06/27/030047003.shtml, 错误原因: 'str' object has no attribute 'get'
文档ID: https://news.nankai.edu.cn/ztbd/system/2021/06/29/030047097.shtml, 错误原因: 'str' object has no attribute 'get'
文档ID: https://news.nankai.edu.cn/ztbd/system/2021/06/29/030047097.shtml, 错误原因: 'str' object has no attribute 'get'
文档ID: https://news.nankai.edu.cn/ztbd/system/2021/06/29/030047098.shtml, 错误原因: 'str' object has no attribute 'get'
文档ID: https://news.nankai.edu.cn/ztbd/system/2021/06/29/030047098.shtml, 错误原因: 'str' object has no attribute 'get'
文档ID: https://news.nankai.edu.cn/ywsd/system/2021/04/11/030045384.shtml, 错误原因: 'str' object has no attribute 'get'
文档ID: https://news.nankai.edu.cn/ywsd/system/2021/04/11/030045384.shtml, 错误原因: 'str' object has no attribute 'get'
文档ID: https://news.nankai.edu.cn/ywsd/system/2021/04/11/030045385.shtml, 错误原因: 'str' object has no attribute 'get'
文档ID: https://news.nankai.edu.cn/ywsd/system/2021/04/11/030045385.shtml, 错误原因: 'str' object has no attribute 'get'
文档ID: https://news.nankai.edu.cn/ywsd/system/2021/04/13/030045397.shtml, 错误原因: 'str' object has no attribute 'get'
文档ID: https://news.nankai.edu.cn/ywsd/system/2021/04/13/030045397.shtml, 错误原因: 'str' object has no attribute 'get'
文档ID: https://news.nankai.edu.cn/ywsd/system/2021/04/13/030045411.shtml, 错误原因: 'str' object has no attribute 'get'
文档ID: https://news.nankai.edu.cn/ywsd/system/2021/04/13/030045411.shtml, 错误原因: 'str' object has no attribute 'get'
文档ID: https://news.nankai.edu.cn/ywsd/system/2021/04/16/030045472.shtml, 错误原因: 'str' object has no attribute 'get'
文档ID: https://news.nankai.edu.cn/ywsd/system/2021/04/16/030045472.shtml, 错误原因: 'str' object has no attribute 'get'
文档ID: https://news.nankai.edu.cn/ywsd/system/2021/04/19/030045536.shtml, 错误原因: 'str' object has no attribute 'get'
文档ID: https://news.nankai.edu.cn/ywsd/system/2021/04/19/030045536.shtml, 错误原因: 'str' object has no attribute 'get'
文档ID: https://news.nankai.edu.cn/ywsd/system/2021/04/19/030045547.shtml, 错误原因: 'str' object has no attribute 'get'
文档ID: https://news.nankai.edu.cn/ywsd/system/2021/04/19/030045547.shtml, 错误原因: 'str' object has no attribute 'get'
文档ID: https://news.nankai.edu.cn/ywsd/system/2021/04/28/030045703.shtml, 错误原因: 'str' object has no attribute 'get'
文档ID: https://news.nankai.edu.cn/ywsd/system/2021/04/28/030045703.shtml, 错误原因: 'str' object has no attribute 'get'
文档ID: https://news.nankai.edu.cn/ywsd/system/2021/04/26/030045669.shtml, 错误原因: 'str' object has no attribute 'get'
文档ID: https://news.nankai.edu.cn/ywsd/system/2021/04/26/030045669.shtml, 错误原因: 'str' object has no attribute 'get'
文档ID: https://news.nankai.edu.cn/ywsd/system/2021/04/26/030045685.shtml, 错误原因: 'str' object has no attribute 'get'
文档ID: https://news.nankai.edu.cn/ywsd/system/2021/04/26/030045685.shtml, 错误原因: 'str' object has no attribute 'get'
文档ID: https://news.nankai.edu.cn/ywsd/system/2021/05/01/030045766.shtml, 错误原因: 'str' object has no attribute 'get'
文档ID: https://news.nankai.edu.cn/ywsd/system/2021/05/01/030045766.shtml, 错误原因: 'str' object has no attribute 'get'
文档ID: https://news.nankai.edu.cn/ywsd/system/2021/05/05/030045814.shtml, 错误原因: 'str' object has no attribute 'get'
文档ID: https://news.nankai.edu.cn/ywsd/system/2021/05/05/030045814.shtml, 错误原因: 'str' object has no attribute 'get'
文档ID: https://news.nankai.edu.cn/ywsd/system/2021/05/25/030046248.shtml, 错误原因: 'str' object has no attribute 'get'
文档ID: https://news.nankai.edu.cn/ywsd/system/2021/05/25/030046248.shtml, 错误原因: 'str' object has no attribute 'get'
文档ID: https://news.nankai.edu.cn/ywsd/system/2021/05/26/030046261.shtml, 错误原因: 'str' object has no attribute 'get'
文档ID: https://news.nankai.edu.cn/ywsd/system/2021/05/26/030046261.shtml, 错误原因: 'str' object has no attribute 'get'
文档ID: https://news.nankai.edu.cn/ywsd/system/2021/05/29/030046349.shtml, 错误原因: 'str' object has no attribute 'get'
文档ID: https://news.nankai.edu.cn/ywsd/system/2021/05/29/030046349.shtml, 错误原因: 'str' object has no attribute 'get'
文档ID: https://news.nankai.edu.cn/ywsd/system/2021/06/04/030046508.shtml, 错误原因: 'str' object has no attribute 'get'
文档ID: https://news.nankai.edu.cn/ywsd/system/2021/06/04/030046508.shtml, 错误原因: 'str' object has no attribute 'get'
文档ID: https://news.nankai.edu.cn/ywsd/system/2021/06/11/030046603.shtml, 错误原因: 'str' object has no attribute 'get'
文档ID: https://news.nankai.edu.cn/ywsd/system/2021/06/11/030046603.shtml, 错误原因: 'str' object has no attribute 'get'
文档ID: https://news.nankai.edu.cn/ywsd/system/2021/06/11/030046607.shtml, 错误原因: 'str' object has no attribute 'get'
文档ID: https://news.nankai.edu.cn/ywsd/system/2021/06/11/030046607.shtml, 错误原因: 'str' object has no attribute 'get'
文档ID: https://news.nankai.edu.cn/ywsd/system/2021/06/23/030046895.shtml, 错误原因: 'str' object has no attribute 'get'
文档ID: https://news.nankai.edu.cn/ywsd/system/2021/06/23/030046895.shtml, 错误原因: 'str' object has no attribute 'get'
文档ID: https://news.nankai.edu.cn/ywsd/system/2021/06/25/030046952.shtml, 错误原因: 'str' object has no attribute 'get'
文档ID: https://news.nankai.edu.cn/ywsd/system/2021/06/25/030046952.shtml, 错误原因: 'str' object has no attribute 'get'
文档ID: https://news.nankai.edu.cn/ywsd/system/2021/07/04/030047157.shtml, 错误原因: 'str' object has no attribute 'get'
文档ID: https://news.nankai.edu.cn/ywsd/system/2021/07/04/030047157.shtml, 错误原因: 'str' object has no attribute 'get'
文档ID: https://iam.nankai.edu.cn/login?next=%2Fapi%2Fcas%2Flogin%3Fservice%3Dhttps%253A%252F%252Fonline.nankai.edu.cn%252Fsso%252Flogin%253Bjsessionid%253D40945DE57F1E6D937560C9ECE7339F29%253Fredirect_uri%253Dhttps%25253A%25252F%25252Fonline.nankai.edu.cn%25252Fsso%25252Foauth2%25252Fauthorize%25253Fscope%25253Dopenid%252526response_type%25253Dcode%252526redirect_uri%25253Dhttps%2525253A%2525252F%2525252Fonline.nankai.edu.cn%2525252Finfoplus%2525252Flogin%2525253FretUrl%2525253Dhttps%252525253A%252525252F%252525252Fonline.nankai.edu.cn%252525252Finfoplus%252525252Fform%252525252FXXMHDLWTFK%252525252Fstart%252526state%25253D6e2537%252526client_id%25253Dspvy3Wr26GKmlbQGcrkv%2526x_client%253Dcas%26pid%3Djgg2zflm, 错误原因: 'str' object has no attribute 'get'
文档ID: https://iam.nankai.edu.cn/login?next=%2Fapi%2Fcas%2Flogin%3Fservice%3Dhttps%253A%252F%252Fonline.nankai.edu.cn%252Fsso%252Flogin%253Bjsessionid%253D40945DE57F1E6D937560C9ECE7339F29%253Fredirect_uri%253Dhttps%25253A%25252F%25252Fonline.nankai.edu.cn%25252Fsso%25252Foauth2%25252Fauthorize%25253Fscope%25253Dopenid%252526response_type%25253Dcode%252526redirect_uri%25253Dhttps%2525253A%2525252F%2525252Fonline.nankai.edu.cn%2525252Finfoplus%2525252Flogin%2525253FretUrl%2525253Dhttps%252525253A%252525252F%252525252Fonline.nankai.edu.cn%252525252Finfoplus%252525252Fform%252525252FXXMHDLWTFK%252525252Fstart%252526state%25253D6e2537%252526client_id%25253Dspvy3Wr26GKmlbQGcrkv%2526x_client%253Dcas%26pid%3Djgg2zflm, 错误原因: 'str' object has no attribute 'get'
文档ID: https://physics.nankai.edu.cn/, 错误原因: 'str' object has no attribute 'get'
文档ID: https://physics.nankai.edu.cn/, 错误原因: 'str' object has no attribute 'get'
文档ID: https://lib.nankai.edu.cn/wjzx/zxdt/list.htm, 错误原因: 'str' object has no attribute 'get'
文档ID: https://lib.nankai.edu.cn/wjzx/zxdt/list.htm, 错误原因: 'str' object has no attribute 'get'
文档ID: https://news.nankai.edu.cn/ywsd/system/2024/11/15/030064435.shtml, 错误原因: 'str' object has no attribute 'get'
文档ID: https://news.nankai.edu.cn/ywsd/system/2024/11/15/030064435.shtml, 错误原因: 'str' object has no attribute 'get'
文档ID: https://news.nankai.edu.cn/zhxw/system/2024/11/16/030064466.shtml, 错误原因: 'str' object has no attribute 'get'
文档ID: https://news.nankai.edu.cn/zhxw/system/2024/11/16/030064466.shtml, 错误原因: 'str' object has no attribute 'get'
文档ID: https://lib.nankai.edu.cn/wjzx/main.htm, 错误原因: 'str' object has no attribute 'get'
文档ID: https://lib.nankai.edu.cn/wjzx/main.htm, 错误原因: 'str' object has no attribute 'get'
文档ID: https://iam.nankai.edu.cn/login?next=%2Fapi%2Fcas%2Flogin%3Fservice%3Dhttps%253A%252F%252Fonline.nankai.edu.cn%252Fsso%252Flogin%253Fredirect_uri%253Dhttps%25253A%25252F%25252Fonline.nankai.edu.cn%25252Fsso%25252Foauth2%25252Fauthorize%25253Fscope%25253Dopenid%252526response_type%25253Dcode%252526redirect_uri%25253Dhttps%2525253A%2525252F%2525252Fonline.nankai.edu.cn%2525252Finfoplus%2525252Flogin%2525253FretUrl%2525253Dhttps%252525253A%252525252F%252525252Fonline.nankai.edu.cn%252525252Finfoplus%252525252Foauth2%252525252Fauthorize%252525253Fx_redirected%252525253Dtrue%2525252526scope%252525253Dprofile%252525252Bprofile_edit%252525252Bapp%252525252Btask%252525252Bprocess%252525252Bsubmit%252525252Bprocess_edit%252525252Btriple%252525252Bstats%2525252526response_type%252525253Dcode%2525252526redirect_uri%252525253Dhttps%25252525253A%25252525252F%25252525252Fonline.nankai.edu.cn%25252525252Ftaskcenter%25252525252Fwall%25252525252Fendpoint%25252525253FretUrl%25252525253Dhttps%2525252525253A%2525252525252F%2525252525252Fonline.nankai.edu.cn%2525252525252Ftaskcenter%2525252525252Fworkflow%2525252525252Findex%2525252526client_id%252525253D1640e2e4-f213-11e3-815d-fa163e9215bb%252526state%25253D5b7543%252526client_id%25253Dspvy3Wr26GKmlbQGcrkv%2526x_client%253Dcas%26pid%3Dbzhgyup2, 错误原因: 'str' object has no attribute 'get'
文档ID: https://iam.nankai.edu.cn/login?next=%2Fapi%2Fcas%2Flogin%3Fservice%3Dhttps%253A%252F%252Fonline.nankai.edu.cn%252Fsso%252Flogin%253Fredirect_uri%253Dhttps%25253A%25252F%25252Fonline.nankai.edu.cn%25252Fsso%25252Foauth2%25252Fauthorize%25253Fscope%25253Dopenid%252526response_type%25253Dcode%252526redirect_uri%25253Dhttps%2525253A%2525252F%2525252Fonline.nankai.edu.cn%2525252Finfoplus%2525252Flogin%2525253FretUrl%2525253Dhttps%252525253A%252525252F%252525252Fonline.nankai.edu.cn%252525252Finfoplus%252525252Foauth2%252525252Fauthorize%252525253Fx_redirected%252525253Dtrue%2525252526scope%252525253Dprofile%252525252Bprofile_edit%252525252Bapp%252525252Btask%252525252Bprocess%252525252Bsubmit%252525252Bprocess_edit%252525252Btriple%252525252Bstats%2525252526response_type%252525253Dcode%2525252526redirect_uri%252525253Dhttps%25252525253A%25252525252F%25252525252Fonline.nankai.edu.cn%25252525252Ftaskcenter%25252525252Fwall%25252525252Fendpoint%25252525253FretUrl%25252525253Dhttps%2525252525253A%2525252525252F%2525252525252Fonline.nankai.edu.cn%2525252525252Ftaskcenter%2525252525252Fworkflow%2525252525252Findex%2525252526client_id%252525253D1640e2e4-f213-11e3-815d-fa163e9215bb%252526state%25253D5b7543%252526client_id%25253Dspvy3Wr26GKmlbQGcrkv%2526x_client%253Dcas%26pid%3Dbzhgyup2, 错误原因: 'str' object has no attribute 'get'
文档ID: https://news.nankai.edu.cn/ywsd/system/2024/11/20/030064527.shtml, 错误原因: 'str' object has no attribute 'get'
文档ID: https://news.nankai.edu.cn/ywsd/system/2024/11/20/030064527.shtml, 错误原因: 'str' object has no attribute 'get'
文档ID: https://news.nankai.edu.cn/ywsd/system/2024/11/21/030064552.shtml, 错误原因: 'str' object has no attribute 'get'
文档ID: https://news.nankai.edu.cn/ywsd/system/2024/11/21/030064552.shtml, 错误原因: 'str' object has no attribute 'get'
文档ID: https://cwfw.nankai.edu.cn/clpt/NKDX_Service/, 错误原因: 'str' object has no attribute 'get'
文档ID: https://cwfw.nankai.edu.cn/clpt/NKDX_Service/, 错误原因: 'str' object has no attribute 'get'
文档ID: http://less.nankai.edu.cn/, 错误原因: 'str' object has no attribute 'get'
文档ID: http://less.nankai.edu.cn/, 错误原因: 'str' object has no attribute 'get'
文档ID: https://iap.nankai.edu.cn/, 错误原因: 'str' object has no attribute 'get'
文档ID: https://iap.nankai.edu.cn/, 错误原因: 'str' object has no attribute 'get'
文档ID: https://tjphysics.nankai.edu.cn/, 错误原因: 'str' object has no attribute 'get'
文档ID: https://tjphysics.nankai.edu.cn/, 错误原因: 'str' object has no attribute 'get'
文档ID: http://phy.less.nankai.edu.cn/public/, 错误原因: 'str' object has no attribute 'get'
文档ID: http://phy.less.nankai.edu.cn/public/, 错误原因: 'str' object has no attribute 'get'
文档ID: https://iap.nankai.edu.cn/5046/list.htm, 错误原因: 'str' object has no attribute 'get'
文档ID: https://iap.nankai.edu.cn/5046/list.htm, 错误原因: 'str' object has no attribute 'get'
文档ID: https://pt.nankai.edu.cn/, 错误原因: 'str' object has no attribute 'get'
文档ID: https://pt.nankai.edu.cn/, 错误原因: 'str' object has no attribute 'get'
文档ID: https://pec.nankai.edu.cn/, 错误原因: 'str' object has no attribute 'get'
文档ID: https://pec.nankai.edu.cn/, 错误原因: 'str' object has no attribute 'get'
文档ID: https://international.nankai.edu.cn/13536/list.htm, 错误原因: 'str' object has no attribute 'get'
文档ID: https://international.nankai.edu.cn/13536/list.htm, 错误原因: 'str' object has no attribute 'get'
文档ID: https://international.nankai.edu.cn/13537/list.htm, 错误原因: 'str' object has no attribute 'get'
文档ID: https://international.nankai.edu.cn/13537/list.htm, 错误原因: 'str' object has no attribute 'get'
文档ID: https://dxwl.nankai.edu.cn/, 错误原因: 'str' object has no attribute 'get'
文档ID: https://dxwl.nankai.edu.cn/, 错误原因: 'str' object has no attribute 'get'
文档ID: https://news.nankai.edu.cn/ywsd/system/2024/06/26/030062359.shtml, 错误原因: 'str' object has no attribute 'get'
文档ID: https://news.nankai.edu.cn/ywsd/system/2024/06/26/030062359.shtml, 错误原因: 'str' object has no attribute 'get'
文档ID: https://cwc.nankai.edu.cn/2022/0315/c28647a436842/page.htm, 错误原因: 'str' object has no attribute 'get'
文档ID: https://cwc.nankai.edu.cn/2022/0315/c28647a436842/page.htm, 错误原因: 'str' object has no attribute 'get'
文档ID: https://rsc.nankai.edu.cn/13686/list.htm, 错误原因: 'str' object has no attribute 'get'
文档ID: https://rsc.nankai.edu.cn/13686/list.htm, 错误原因: 'str' object has no attribute 'get'
文档ID: https://news.nankai.edu.cn/ywsd/system/2024/09/09/030063295.shtml, 错误原因: 'str' object has no attribute 'get'
文档ID: https://news.nankai.edu.cn/ywsd/system/2024/09/09/030063295.shtml, 错误原因: 'str' object has no attribute 'get'
文档ID: http://less.nankai.edu.cn/intro, 错误原因: 'str' object has no attribute 'get'
文档ID: http://less.nankai.edu.cn/intro, 错误原因: 'str' object has no attribute 'get'
文档ID: http://phy.less.nankai.edu.cn/public/post/11, 错误原因: 'str' object has no attribute 'get'
文档ID: http://phy.less.nankai.edu.cn/public/post/11, 错误原因: 'str' object has no attribute 'get'
文档ID: https://ita.nankai.edu.cn, 错误原因: 'str' object has no attribute 'get'
文档ID: https://ita.nankai.edu.cn, 错误原因: 'str' object has no attribute 'get'
文档ID: https://prt.nankai.edu.cn, 错误原因: 'str' object has no attribute 'get'
文档ID: https://prt.nankai.edu.cn, 错误原因: 'str' object has no attribute 'get'
文档ID: https://ky.nankai.edu.cn/publicity/zXProjectSearch, 错误原因: 'str' object has no attribute 'get'
文档ID: https://ky.nankai.edu.cn/publicity/zXProjectSearch, 错误原因: 'str' object has no attribute 'get'
文档ID: https://ko.nankai.edu.cn, 错误原因: 'str' object has no attribute 'get'
文档ID: https://ko.nankai.edu.cn, 错误原因: 'str' object has no attribute 'get'
文档ID: https://kexie.nankai.edu.cn/, 错误原因: 'str' object has no attribute 'get'
文档ID: https://kexie.nankai.edu.cn/, 错误原因: 'str' object has no attribute 'get'
文档ID: https://ar.nankai.edu.cn, 错误原因: 'str' object has no attribute 'get'
文档ID: https://ar.nankai.edu.cn, 错误原因: 'str' object has no attribute 'get'
文档ID: https://std.nankai.edu.cn/2021/0913/c25471a394312/page.htm, 错误原因: 'str' object has no attribute 'get'
文档ID: https://std.nankai.edu.cn/2021/0913/c25471a394312/page.htm, 错误原因: 'str' object has no attribute 'get'
文档ID: https://std.nankai.edu.cn/882/list.htm, 错误原因: 'str' object has no attribute 'get'
文档ID: https://std.nankai.edu.cn/882/list.htm, 错误原因: 'str' object has no attribute 'get'
文档ID: https://de.nankai.edu.cn, 错误原因: 'str' object has no attribute 'get'
文档ID: https://de.nankai.edu.cn, 错误原因: 'str' object has no attribute 'get'
文档ID: https://ru.nankai.edu.cn, 错误原因: 'str' object has no attribute 'get'
文档ID: https://ru.nankai.edu.cn, 错误原因: 'str' object has no attribute 'get'
文档ID: https://es.nankai.edu.cn, 错误原因: 'str' object has no attribute 'get'
文档ID: https://es.nankai.edu.cn, 错误原因: 'str' object has no attribute 'get'
文档ID: https://iam.nankai.edu.cn/login?next=%2Fapi%2Fcas%2Flogin%3Fservice%3Dhttps%253A%252F%252Fonline.nankai.edu.cn%252Fsso%252Flogin%253Fredirect_uri%253Dhttps%25253A%25252F%25252Fonline.nankai.edu.cn%25252Fsso%25252Foauth2%25252Fauthorize%25253Fscope%25253Dopenid%252526response_type%25253Dcode%252526redirect_uri%25253Dhttps%2525253A%2525252F%2525252Fonline.nankai.edu.cn%2525252Finfoplus%2525252Flogin%2525253FretUrl%2525253Dhttps%252525253A%252525252F%252525252Fonline.nankai.edu.cn%252525252Finfoplus%252525252Foauth2%252525252Fauthorize%252525253Fx_redirected%252525253Dtrue%2525252526scope%252525253Dprofile%252525252Bprofile_edit%252525252Bapp%252525252Btask%252525252Bprocess%252525252Bsubmit%252525252Bprocess_edit%252525252Bsys_triple%252525252Btriple%2525252526response_type%252525253Dcode%2525252526redirect_uri%252525253Dhttp%25252525253A%25252525252F%25252525252Fonline.nankai.edu.cn%25252525252Fnk_jlk%25252525252Fwall%25252525252Fendpoint%25252525253FretUrl%25252525253Dhttp%2525252525253A%2525252525252F%2525252525252Fonline.nankai.edu.cn%2525252525252Fnk_jlk%2525252525252Findex%2525252526client_id%252525253D1640e2e4-f213-11e3-815d-fa163e9215bb%252526state%25253D489186%252526client_id%25253Dspvy3Wr26GKmlbQGcrkv%2526x_client%253Dcas%26pid%3Dfbwl8m4s, 错误原因: 'str' object has no attribute 'get'
文档ID: https://iam.nankai.edu.cn/login?next=%2Fapi%2Fcas%2Flogin%3Fservice%3Dhttps%253A%252F%252Fonline.nankai.edu.cn%252Fsso%252Flogin%253Fredirect_uri%253Dhttps%25253A%25252F%25252Fonline.nankai.edu.cn%25252Fsso%25252Foauth2%25252Fauthorize%25253Fscope%25253Dopenid%252526response_type%25253Dcode%252526redirect_uri%25253Dhttps%2525253A%2525252F%2525252Fonline.nankai.edu.cn%2525252Finfoplus%2525252Flogin%2525253FretUrl%2525253Dhttps%252525253A%252525252F%252525252Fonline.nankai.edu.cn%252525252Finfoplus%252525252Foauth2%252525252Fauthorize%252525253Fx_redirected%252525253Dtrue%2525252526scope%252525253Dprofile%252525252Bprofile_edit%252525252Bapp%252525252Btask%252525252Bprocess%252525252Bsubmit%252525252Bprocess_edit%252525252Bsys_triple%252525252Btriple%2525252526response_type%252525253Dcode%2525252526redirect_uri%252525253Dhttp%25252525253A%25252525252F%25252525252Fonline.nankai.edu.cn%25252525252Fnk_jlk%25252525252Fwall%25252525252Fendpoint%25252525253FretUrl%25252525253Dhttp%2525252525253A%2525252525252F%2525252525252Fonline.nankai.edu.cn%2525252525252Fnk_jlk%2525252525252Findex%2525252526client_id%252525253D1640e2e4-f213-11e3-815d-fa163e9215bb%252526state%25253D489186%252526client_id%25253Dspvy3Wr26GKmlbQGcrkv%2526x_client%253Dcas%26pid%3Dfbwl8m4s, 错误原因: 'str' object has no attribute 'get'
文档ID: https://en.nankai.edu.cn/AboutNKU/list.htm, 错误原因: 'str' object has no attribute 'get'
文档ID: https://en.nankai.edu.cn/AboutNKU/list.htm, 错误原因: 'str' object has no attribute 'get'
文档ID: http://en.medical.nankai.edu.cn/Undergraduates/list.htm, 错误原因: 'str' object has no attribute 'get'
文档ID: http://en.medical.nankai.edu.cn/Undergraduates/list.htm, 错误原因: 'str' object has no attribute 'get'
文档ID: https://iam.nankai.edu.cn/login?next=%2Fapi%2Fcas%2Flogin%3Fservice%3Dhttp%253A%252F%252Fcwc.nankai.edu.cn%252F2019%252F1225%252Fc19379a259913%252Fpage.psp, 错误原因: 'str' object has no attribute 'get'
文档ID: https://iam.nankai.edu.cn/login?next=%2Fapi%2Fcas%2Flogin%3Fservice%3Dhttp%253A%252F%252Fcwc.nankai.edu.cn%252F2019%252F1225%252Fc19379a259913%252Fpage.psp, 错误原因: 'str' object has no attribute 'get'
文档ID: https://en.nankai.edu.cn/23046/list.htm, 错误原因: 'str' object has no attribute 'get'
文档ID: https://en.nankai.edu.cn/23046/list.htm, 错误原因: 'str' object has no attribute 'get'
文档ID: https://en.nankai.edu.cn/23044/list.htm, 错误原因: 'str' object has no attribute 'get'
文档ID: https://en.nankai.edu.cn/23044/list.htm, 错误原因: 'str' object has no attribute 'get'
文档ID: https://ssrm.nankai.edu.cn/info/1012/3721.htm, 错误原因: 'str' object has no attribute 'get'
文档ID: https://ssrm.nankai.edu.cn/info/1012/3721.htm, 错误原因: 'str' object has no attribute 'get'
文档ID: https://edp.nankai.edu.cn/, 错误原因: 'str' object has no attribute 'get'
文档ID: https://edp.nankai.edu.cn/, 错误原因: 'str' object has no attribute 'get'
文档ID: https://sie.nankai.edu.cn/, 错误原因: 'str' object has no attribute 'get'
文档ID: https://sie.nankai.edu.cn/, 错误原因: 'str' object has no attribute 'get'
文档ID: https://prt.nankai.edu.cn/2019/0618/c31341a493447/page.htm, 错误原因: 'str' object has no attribute 'get'
文档ID: https://prt.nankai.edu.cn/2019/0618/c31341a493447/page.htm, 错误原因: 'str' object has no attribute 'get'
文档ID: https://en.nankai.edu.cn/23041/list.htm, 错误原因: 'str' object has no attribute 'get'
文档ID: https://en.nankai.edu.cn/23041/list.htm, 错误原因: 'str' object has no attribute 'get'
文档ID: https://ar.nankai.edu.cn/2019/0618/c31751a497900/page.htm, 错误原因: 'str' object has no attribute 'get'
文档ID: https://ar.nankai.edu.cn/2019/0618/c31751a497900/page.htm, 错误原因: 'str' object has no attribute 'get'
文档ID: https://ar.nankai.edu.cn/2020/1228/c31698a496858/page.htm, 错误原因: 'str' object has no attribute 'get'
文档ID: https://ar.nankai.edu.cn/2020/1228/c31698a496858/page.htm, 错误原因: 'str' object has no attribute 'get'
文档ID: https://kexie.nankai.edu.cn/kxxw/list.htm, 错误原因: 'str' object has no attribute 'get'
文档ID: https://kexie.nankai.edu.cn/kxxw/list.htm, 错误原因: 'str' object has no attribute 'get'
