2024-12-13 02:37:40,550 - INFO - HEAD http://localhost:9201/nku_search [status:200 duration:0.017s]
2024-12-13 02:37:40,554 - INFO - GET http://localhost:9201/nku_search/_stats [status:200 duration:0.003s]
2024-12-13 02:37:40,591 - INFO - Elasticsearch 索引统计:
2024-12-13 02:37:40,591 - INFO - 文档数量: 2950
2024-12-13 02:37:40,591 - INFO - 索引大小: 8.07 MB
2024-12-13 02:37:40,591 - INFO - 
MongoDB 统计:
2024-12-13 02:37:40,592 - INFO - 文档数量: 6620
2024-12-13 02:37:40,595 - INFO - GET http://localhost:9201/nku_search/_mapping [status:200 duration:0.002s]
2024-12-13 02:37:40,595 - INFO - 
索引映射:
2024-12-13 02:37:40,605 - INFO - {'nku_search': {'mappings': {'properties': {'anchor_texts': {'type': 'nested', 'properties': {'text': {'type': 'text', 'analyzer': 'ik_max_word'}, 'url': {'type': 'keyword'}}}, 'content': {'type': 'text', 'fields': {'keyword': {'type': 'keyword', 'ignore_above': 256}}, 'analyzer': 'ik_max_word'}, 'content_type': {'type': 'keyword'}, 'department': {'type': 'keyword'}, 'outlinks': {'type': 'keyword'}, 'pagerank_score': {'type': 'float'}, 'publish_time': {'type': 'date', 'format': 'yyyy-MM-dd HH:mm:ss||yyyy-MM-dd||epoch_millis'}, 'snapshot_time': {'type': 'date', 'format': 'yyyy-MM-dd HH:mm:ss||yyyy-MM-dd||epoch_millis'}, 'title': {'type': 'text', 'fields': {'keyword': {'type': 'keyword', 'ignore_above': 256}}, 'analyzer': 'ik_max_word'}, 'url': {'type': 'keyword'}}}}}
2024-12-13 02:37:40,612 - INFO - POST http://localhost:9201/nku_search/_search [status:200 duration:0.006s]
2024-12-13 02:37:40,619 - INFO - 发现 5670 个新文档需要索引
2024-12-13 02:37:40,685 - INFO - PUT http://localhost:9201/_bulk [status:400 duration:0.006s]
2024-12-13 02:37:40,685 - ERROR - 批量索引过程发生错误: 'str' object has no attribute 'get'
2024-12-13 02:37:40,686 - INFO - 处理进度: 0/5670 (0.00%)
2024-12-13 02:37:40,757 - INFO - PUT http://localhost:9201/_bulk [status:200 duration:0.068s]
2024-12-13 02:37:40,757 - INFO - 处理进度: 50/5670 (0.88%)
2024-12-13 02:37:40,964 - INFO - PUT http://localhost:9201/_bulk [status:200 duration:0.049s]
2024-12-13 02:37:40,964 - INFO - 处理进度: 100/5670 (1.76%)
2024-12-13 02:37:41,018 - INFO - PUT http://localhost:9201/_bulk [status:200 duration:0.050s]
2024-12-13 02:37:41,018 - INFO - 处理进度: 150/5670 (2.65%)
2024-12-13 02:37:41,074 - INFO - PUT http://localhost:9201/_bulk [status:200 duration:0.053s]
2024-12-13 02:37:41,074 - INFO - 处理进度: 200/5670 (3.53%)
2024-12-13 02:37:41,121 - INFO - PUT http://localhost:9201/_bulk [status:200 duration:0.042s]
2024-12-13 02:37:41,121 - INFO - 处理进度: 250/5670 (4.41%)
2024-12-13 02:37:41,165 - INFO - PUT http://localhost:9201/_bulk [status:200 duration:0.042s]
2024-12-13 02:37:41,166 - INFO - 处理进度: 300/5670 (5.29%)
2024-12-13 02:37:41,173 - INFO - PUT http://localhost:9201/_bulk [status:400 duration:0.004s]
2024-12-13 02:37:41,175 - ERROR - 批量索引过程发生错误: 'str' object has no attribute 'get'
2024-12-13 02:37:41,175 - INFO - 处理进度: 300/5670 (5.29%)
2024-12-13 02:37:41,219 - INFO - PUT http://localhost:9201/_bulk [status:200 duration:0.041s]
2024-12-13 02:37:41,220 - INFO - 处理进度: 350/5670 (6.17%)
2024-12-13 02:37:41,259 - INFO - PUT http://localhost:9201/_bulk [status:200 duration:0.036s]
2024-12-13 02:37:41,259 - INFO - 处理进度: 400/5670 (7.05%)
2024-12-13 02:37:41,308 - INFO - PUT http://localhost:9201/_bulk [status:200 duration:0.045s]
2024-12-13 02:37:41,308 - INFO - 处理进度: 450/5670 (7.94%)
2024-12-13 02:37:41,511 - INFO - PUT http://localhost:9201/_bulk [status:200 duration:0.047s]
2024-12-13 02:37:41,512 - INFO - 处理进度: 500/5670 (8.82%)
2024-12-13 02:37:42,301 - INFO - PUT http://localhost:9201/_bulk [status:200 duration:0.050s]
2024-12-13 02:37:42,302 - INFO - 处理进度: 550/5670 (9.70%)
2024-12-13 02:37:42,579 - INFO - PUT http://localhost:9201/_bulk [status:200 duration:0.041s]
2024-12-13 02:37:42,579 - INFO - 处理进度: 600/5670 (10.58%)
2024-12-13 02:37:42,851 - INFO - PUT http://localhost:9201/_bulk [status:200 duration:0.045s]
2024-12-13 02:37:42,852 - INFO - 处理进度: 650/5670 (11.46%)
2024-12-13 02:37:43,114 - INFO - PUT http://localhost:9201/_bulk [status:200 duration:0.042s]
2024-12-13 02:37:43,115 - INFO - 处理进度: 700/5670 (12.35%)
2024-12-13 02:37:43,157 - INFO - PUT http://localhost:9201/_bulk [status:200 duration:0.039s]
2024-12-13 02:37:43,157 - INFO - 处理进度: 750/5670 (13.23%)
2024-12-13 02:37:43,204 - INFO - PUT http://localhost:9201/_bulk [status:200 duration:0.044s]
2024-12-13 02:37:43,205 - INFO - 处理进度: 800/5670 (14.11%)
2024-12-13 02:37:43,242 - INFO - PUT http://localhost:9201/_bulk [status:200 duration:0.034s]
2024-12-13 02:37:43,242 - INFO - 处理进度: 850/5670 (14.99%)
2024-12-13 02:37:43,281 - INFO - PUT http://localhost:9201/_bulk [status:200 duration:0.037s]
2024-12-13 02:37:43,281 - INFO - 处理进度: 900/5670 (15.87%)
2024-12-13 02:37:43,318 - INFO - PUT http://localhost:9201/_bulk [status:200 duration:0.033s]
2024-12-13 02:37:43,318 - INFO - 处理进度: 950/5670 (16.75%)
2024-12-13 02:37:43,353 - INFO - PUT http://localhost:9201/_bulk [status:200 duration:0.032s]
2024-12-13 02:37:43,355 - INFO - 处理进度: 1000/5670 (17.64%)
2024-12-13 02:37:43,404 - INFO - PUT http://localhost:9201/_bulk [status:200 duration:0.046s]
2024-12-13 02:37:43,404 - INFO - 处理进度: 1050/5670 (18.52%)
2024-12-13 02:37:43,439 - INFO - PUT http://localhost:9201/_bulk [status:200 duration:0.033s]
2024-12-13 02:37:43,440 - INFO - 处理进度: 1100/5670 (19.40%)
2024-12-13 02:37:43,473 - INFO - PUT http://localhost:9201/_bulk [status:200 duration:0.030s]
2024-12-13 02:37:43,473 - INFO - 处理进度: 1150/5670 (20.28%)
2024-12-13 02:37:43,775 - INFO - PUT http://localhost:9201/_bulk [status:200 duration:0.106s]
2024-12-13 02:37:43,775 - INFO - 处理进度: 1200/5670 (21.16%)
2024-12-13 02:37:43,833 - INFO - PUT http://localhost:9201/_bulk [status:200 duration:0.053s]
2024-12-13 02:37:43,833 - INFO - 处理进度: 1250/5670 (22.05%)
2024-12-13 02:37:44,478 - INFO - PUT http://localhost:9201/_bulk [status:200 duration:0.473s]
2024-12-13 02:37:44,479 - INFO - 处理进度: 1300/5670 (22.93%)
2024-12-13 02:37:44,523 - INFO - PUT http://localhost:9201/_bulk [status:200 duration:0.041s]
2024-12-13 02:37:44,524 - INFO - 处理进度: 1350/5670 (23.81%)
2024-12-13 02:37:45,324 - INFO - PUT http://localhost:9201/_bulk [status:200 duration:0.497s]
2024-12-13 02:37:45,325 - INFO - 处理进度: 1400/5670 (24.69%)
2024-12-13 02:37:45,333 - INFO - PUT http://localhost:9201/_bulk [status:400 duration:0.005s]
2024-12-13 02:37:45,333 - ERROR - 批量索引过程发生错误: 'str' object has no attribute 'get'
2024-12-13 02:37:45,334 - INFO - 处理进度: 1400/5670 (24.69%)
2024-12-13 02:37:45,409 - INFO - PUT http://localhost:9201/_bulk [status:200 duration:0.071s]
2024-12-13 02:37:45,409 - INFO - 处理进度: 1450/5670 (25.57%)
2024-12-13 02:37:45,654 - INFO - PUT http://localhost:9201/_bulk [status:200 duration:0.048s]
2024-12-13 02:37:45,655 - INFO - 处理进度: 1500/5670 (26.46%)
2024-12-13 02:37:45,702 - INFO - PUT http://localhost:9201/_bulk [status:200 duration:0.044s]
2024-12-13 02:37:45,702 - INFO - 处理进度: 1550/5670 (27.34%)
2024-12-13 02:37:45,757 - INFO - PUT http://localhost:9201/_bulk [status:200 duration:0.051s]
2024-12-13 02:37:45,758 - INFO - 处理进度: 1600/5670 (28.22%)
2024-12-13 02:37:45,799 - INFO - PUT http://localhost:9201/_bulk [status:200 duration:0.038s]
2024-12-13 02:37:45,800 - INFO - 处理进度: 1650/5670 (29.10%)
2024-12-13 02:37:45,849 - INFO - PUT http://localhost:9201/_bulk [status:200 duration:0.045s]
2024-12-13 02:37:45,849 - INFO - 处理进度: 1700/5670 (29.98%)
2024-12-13 02:37:45,901 - INFO - PUT http://localhost:9201/_bulk [status:200 duration:0.048s]
2024-12-13 02:37:45,901 - INFO - 处理进度: 1750/5670 (30.86%)
2024-12-13 02:37:45,946 - INFO - PUT http://localhost:9201/_bulk [status:200 duration:0.040s]
2024-12-13 02:37:45,947 - INFO - 处理进度: 1800/5670 (31.75%)
2024-12-13 02:37:45,988 - INFO - PUT http://localhost:9201/_bulk [status:200 duration:0.038s]
2024-12-13 02:37:45,988 - INFO - 处理进度: 1850/5670 (32.63%)
2024-12-13 02:37:46,043 - INFO - PUT http://localhost:9201/_bulk [status:200 duration:0.052s]
2024-12-13 02:37:46,044 - INFO - 处理进度: 1900/5670 (33.51%)
2024-12-13 02:37:46,099 - INFO - PUT http://localhost:9201/_bulk [status:200 duration:0.052s]
2024-12-13 02:37:46,100 - INFO - 处理进度: 1950/5670 (34.39%)
2024-12-13 02:37:46,325 - INFO - PUT http://localhost:9201/_bulk [status:200 duration:0.054s]
2024-12-13 02:37:46,325 - INFO - 处理进度: 2000/5670 (35.27%)
2024-12-13 02:37:46,374 - INFO - PUT http://localhost:9201/_bulk [status:200 duration:0.045s]
2024-12-13 02:37:46,375 - INFO - 处理进度: 2050/5670 (36.16%)
2024-12-13 02:37:46,437 - INFO - PUT http://localhost:9201/_bulk [status:200 duration:0.059s]
2024-12-13 02:37:46,438 - INFO - 处理进度: 2100/5670 (37.04%)
2024-12-13 02:37:46,491 - INFO - PUT http://localhost:9201/_bulk [status:200 duration:0.049s]
2024-12-13 02:37:46,491 - INFO - 处理进度: 2150/5670 (37.92%)
2024-12-13 02:37:46,571 - INFO - PUT http://localhost:9201/_bulk [status:200 duration:0.076s]
2024-12-13 02:37:46,572 - INFO - 处理进度: 2200/5670 (38.80%)
2024-12-13 02:37:46,645 - INFO - PUT http://localhost:9201/_bulk [status:200 duration:0.069s]
2024-12-13 02:37:46,645 - INFO - 处理进度: 2250/5670 (39.68%)
2024-12-13 02:37:46,698 - INFO - PUT http://localhost:9201/_bulk [status:200 duration:0.050s]
2024-12-13 02:37:46,699 - INFO - 处理进度: 2300/5670 (40.56%)
2024-12-13 02:37:46,774 - INFO - PUT http://localhost:9201/_bulk [status:200 duration:0.072s]
2024-12-13 02:37:46,775 - INFO - 处理进度: 2350/5670 (41.45%)
2024-12-13 02:37:46,837 - INFO - PUT http://localhost:9201/_bulk [status:200 duration:0.058s]
2024-12-13 02:37:46,837 - INFO - 处理进度: 2400/5670 (42.33%)
2024-12-13 02:37:46,884 - INFO - PUT http://localhost:9201/_bulk [status:200 duration:0.044s]
2024-12-13 02:37:46,885 - INFO - 处理进度: 2450/5670 (43.21%)
2024-12-13 02:37:47,117 - INFO - PUT http://localhost:9201/_bulk [status:200 duration:0.042s]
2024-12-13 02:37:47,117 - INFO - 处理进度: 2500/5670 (44.09%)
2024-12-13 02:37:47,170 - INFO - PUT http://localhost:9201/_bulk [status:200 duration:0.050s]
2024-12-13 02:37:47,170 - INFO - 处理进度: 2550/5670 (44.97%)
2024-12-13 02:37:47,220 - INFO - PUT http://localhost:9201/_bulk [status:200 duration:0.047s]
2024-12-13 02:37:47,221 - INFO - 处理进度: 2600/5670 (45.86%)
2024-12-13 02:37:47,263 - INFO - PUT http://localhost:9201/_bulk [status:200 duration:0.039s]
2024-12-13 02:37:47,264 - INFO - 处理进度: 2650/5670 (46.74%)
2024-12-13 02:37:47,306 - INFO - PUT http://localhost:9201/_bulk [status:200 duration:0.039s]
2024-12-13 02:37:47,307 - INFO - 处理进度: 2700/5670 (47.62%)
2024-12-13 02:37:47,355 - INFO - PUT http://localhost:9201/_bulk [status:200 duration:0.044s]
2024-12-13 02:37:47,355 - INFO - 处理进度: 2750/5670 (48.50%)
2024-12-13 02:37:47,402 - INFO - PUT http://localhost:9201/_bulk [status:200 duration:0.043s]
2024-12-13 02:37:47,403 - INFO - 处理进度: 2800/5670 (49.38%)
2024-12-13 02:37:47,468 - INFO - PUT http://localhost:9201/_bulk [status:200 duration:0.061s]
2024-12-13 02:37:47,469 - INFO - 处理进度: 2850/5670 (50.26%)
2024-12-13 02:37:47,517 - INFO - PUT http://localhost:9201/_bulk [status:200 duration:0.044s]
2024-12-13 02:37:47,517 - INFO - 处理进度: 2900/5670 (51.15%)
2024-12-13 02:37:47,570 - INFO - PUT http://localhost:9201/_bulk [status:200 duration:0.049s]
2024-12-13 02:37:47,571 - INFO - 处理进度: 2950/5670 (52.03%)
2024-12-13 02:37:47,647 - INFO - PUT http://localhost:9201/_bulk [status:200 duration:0.073s]
2024-12-13 02:37:47,648 - INFO - 处理进度: 3000/5670 (52.91%)
2024-12-13 02:37:47,893 - INFO - PUT http://localhost:9201/_bulk [status:200 duration:0.049s]
2024-12-13 02:37:47,894 - INFO - 处理进度: 3050/5670 (53.79%)
2024-12-13 02:37:47,992 - INFO - PUT http://localhost:9201/_bulk [status:200 duration:0.095s]
2024-12-13 02:37:47,992 - INFO - 处理进度: 3100/5670 (54.67%)
2024-12-13 02:37:48,052 - INFO - PUT http://localhost:9201/_bulk [status:200 duration:0.056s]
2024-12-13 02:37:48,053 - INFO - 处理进度: 3150/5670 (55.56%)
2024-12-13 02:37:48,106 - INFO - PUT http://localhost:9201/_bulk [status:200 duration:0.050s]
2024-12-13 02:37:48,107 - INFO - 处理进度: 3200/5670 (56.44%)
2024-12-13 02:37:48,154 - INFO - PUT http://localhost:9201/_bulk [status:200 duration:0.042s]
2024-12-13 02:37:48,154 - INFO - 处理进度: 3250/5670 (57.32%)
2024-12-13 02:37:48,209 - INFO - PUT http://localhost:9201/_bulk [status:200 duration:0.051s]
2024-12-13 02:37:48,209 - INFO - 处理进度: 3300/5670 (58.20%)
2024-12-13 02:37:48,267 - INFO - PUT http://localhost:9201/_bulk [status:200 duration:0.052s]
2024-12-13 02:37:48,268 - INFO - 处理进度: 3350/5670 (59.08%)
2024-12-13 02:37:48,330 - INFO - PUT http://localhost:9201/_bulk [status:200 duration:0.057s]
2024-12-13 02:37:48,330 - INFO - 处理进度: 3400/5670 (59.96%)
2024-12-13 02:37:48,396 - INFO - PUT http://localhost:9201/_bulk [status:200 duration:0.061s]
2024-12-13 02:37:48,397 - INFO - 处理进度: 3450/5670 (60.85%)
2024-12-13 02:37:48,451 - INFO - PUT http://localhost:9201/_bulk [status:200 duration:0.050s]
2024-12-13 02:37:48,451 - INFO - 处理进度: 3500/5670 (61.73%)
2024-12-13 02:37:48,500 - INFO - PUT http://localhost:9201/_bulk [status:200 duration:0.045s]
2024-12-13 02:37:48,501 - INFO - 处理进度: 3550/5670 (62.61%)
2024-12-13 02:37:48,743 - INFO - PUT http://localhost:9201/_bulk [status:200 duration:0.059s]
2024-12-13 02:37:48,743 - INFO - 处理进度: 3600/5670 (63.49%)
2024-12-13 02:37:48,785 - INFO - PUT http://localhost:9201/_bulk [status:200 duration:0.039s]
2024-12-13 02:37:48,786 - INFO - 处理进度: 3650/5670 (64.37%)
2024-12-13 02:37:48,837 - INFO - PUT http://localhost:9201/_bulk [status:200 duration:0.049s]
2024-12-13 02:37:48,838 - INFO - 处理进度: 3700/5670 (65.26%)
2024-12-13 02:37:48,882 - INFO - PUT http://localhost:9201/_bulk [status:200 duration:0.040s]
2024-12-13 02:37:48,883 - INFO - 处理进度: 3750/5670 (66.14%)
2024-12-13 02:37:48,962 - INFO - PUT http://localhost:9201/_bulk [status:200 duration:0.075s]
2024-12-13 02:37:48,962 - INFO - 处理进度: 3800/5670 (67.02%)
2024-12-13 02:37:49,020 - INFO - PUT http://localhost:9201/_bulk [status:200 duration:0.055s]
2024-12-13 02:37:49,021 - INFO - 处理进度: 3850/5670 (67.90%)
2024-12-13 02:37:49,084 - INFO - PUT http://localhost:9201/_bulk [status:200 duration:0.059s]
2024-12-13 02:37:49,084 - INFO - 处理进度: 3900/5670 (68.78%)
2024-12-13 02:37:49,121 - INFO - PUT http://localhost:9201/_bulk [status:200 duration:0.035s]
2024-12-13 02:37:49,122 - INFO - 处理进度: 3950/5670 (69.66%)
2024-12-13 02:37:49,162 - INFO - PUT http://localhost:9201/_bulk [status:200 duration:0.037s]
2024-12-13 02:37:49,163 - INFO - 处理进度: 4000/5670 (70.55%)
2024-12-13 02:37:49,206 - INFO - PUT http://localhost:9201/_bulk [status:200 duration:0.040s]
2024-12-13 02:37:49,206 - INFO - 处理进度: 4050/5670 (71.43%)
2024-12-13 02:37:49,250 - INFO - PUT http://localhost:9201/_bulk [status:200 duration:0.040s]
2024-12-13 02:37:49,251 - INFO - 处理进度: 4100/5670 (72.31%)
2024-12-13 02:37:49,456 - INFO - PUT http://localhost:9201/_bulk [status:200 duration:0.042s]
2024-12-13 02:37:49,456 - INFO - 处理进度: 4150/5670 (73.19%)
2024-12-13 02:37:49,501 - INFO - PUT http://localhost:9201/_bulk [status:200 duration:0.040s]
2024-12-13 02:37:49,501 - INFO - 处理进度: 4200/5670 (74.07%)
2024-12-13 02:37:49,548 - INFO - PUT http://localhost:9201/_bulk [status:200 duration:0.045s]
2024-12-13 02:37:49,549 - INFO - 处理进度: 4250/5670 (74.96%)
2024-12-13 02:37:49,600 - INFO - PUT http://localhost:9201/_bulk [status:200 duration:0.048s]
2024-12-13 02:37:49,601 - INFO - 处理进度: 4300/5670 (75.84%)
2024-12-13 02:37:49,648 - INFO - PUT http://localhost:9201/_bulk [status:200 duration:0.042s]
2024-12-13 02:37:49,649 - INFO - 处理进度: 4350/5670 (76.72%)
2024-12-13 02:37:49,721 - INFO - PUT http://localhost:9201/_bulk [status:200 duration:0.068s]
2024-12-13 02:37:49,721 - INFO - 处理进度: 4400/5670 (77.60%)
2024-12-13 02:37:49,776 - INFO - PUT http://localhost:9201/_bulk [status:200 duration:0.051s]
2024-12-13 02:37:49,777 - INFO - 处理进度: 4450/5670 (78.48%)
2024-12-13 02:37:49,837 - INFO - PUT http://localhost:9201/_bulk [status:200 duration:0.057s]
2024-12-13 02:37:49,838 - INFO - 处理进度: 4500/5670 (79.37%)
2024-12-13 02:37:49,888 - INFO - PUT http://localhost:9201/_bulk [status:200 duration:0.046s]
2024-12-13 02:37:49,888 - INFO - 处理进度: 4550/5670 (80.25%)
2024-12-13 02:37:49,931 - INFO - PUT http://localhost:9201/_bulk [status:200 duration:0.039s]
2024-12-13 02:37:49,932 - INFO - 处理进度: 4600/5670 (81.13%)
2024-12-13 02:37:49,975 - INFO - PUT http://localhost:9201/_bulk [status:200 duration:0.039s]
2024-12-13 02:37:49,975 - INFO - 处理进度: 4650/5670 (82.01%)
2024-12-13 02:37:50,218 - INFO - PUT http://localhost:9201/_bulk [status:200 duration:0.047s]
2024-12-13 02:37:50,219 - INFO - 处理进度: 4700/5670 (82.89%)
2024-12-13 02:37:50,266 - INFO - PUT http://localhost:9201/_bulk [status:200 duration:0.045s]
2024-12-13 02:37:50,266 - INFO - 处理进度: 4750/5670 (83.77%)
2024-12-13 02:37:50,314 - INFO - PUT http://localhost:9201/_bulk [status:200 duration:0.045s]
2024-12-13 02:37:50,314 - INFO - 处理进度: 4800/5670 (84.66%)
2024-12-13 02:37:50,371 - INFO - PUT http://localhost:9201/_bulk [status:200 duration:0.054s]
2024-12-13 02:37:50,372 - INFO - 处理进度: 4850/5670 (85.54%)
2024-12-13 02:37:50,419 - INFO - PUT http://localhost:9201/_bulk [status:200 duration:0.044s]
2024-12-13 02:37:50,420 - INFO - 处理进度: 4900/5670 (86.42%)
2024-12-13 02:37:50,465 - INFO - PUT http://localhost:9201/_bulk [status:200 duration:0.041s]
2024-12-13 02:37:50,467 - INFO - 处理进度: 4950/5670 (87.30%)
2024-12-13 02:37:50,523 - INFO - PUT http://localhost:9201/_bulk [status:200 duration:0.052s]
2024-12-13 02:37:50,523 - INFO - 处理进度: 5000/5670 (88.18%)
2024-12-13 02:37:50,576 - INFO - PUT http://localhost:9201/_bulk [status:200 duration:0.048s]
2024-12-13 02:37:50,577 - INFO - 处理进度: 5050/5670 (89.07%)
2024-12-13 02:37:50,625 - INFO - PUT http://localhost:9201/_bulk [status:200 duration:0.045s]
2024-12-13 02:37:50,625 - INFO - 处理进度: 5100/5670 (89.95%)
2024-12-13 02:37:50,671 - INFO - PUT http://localhost:9201/_bulk [status:200 duration:0.041s]
2024-12-13 02:37:50,672 - INFO - 处理进度: 5150/5670 (90.83%)
2024-12-13 02:37:50,911 - INFO - PUT http://localhost:9201/_bulk [status:200 duration:0.056s]
2024-12-13 02:37:50,912 - INFO - 处理进度: 5200/5670 (91.71%)
2024-12-13 02:37:50,967 - INFO - PUT http://localhost:9201/_bulk [status:200 duration:0.054s]
2024-12-13 02:37:50,968 - INFO - 处理进度: 5250/5670 (92.59%)
2024-12-13 02:37:51,024 - INFO - PUT http://localhost:9201/_bulk [status:200 duration:0.053s]
2024-12-13 02:37:51,024 - INFO - 处理进度: 5300/5670 (93.47%)
2024-12-13 02:37:51,081 - INFO - PUT http://localhost:9201/_bulk [status:200 duration:0.053s]
2024-12-13 02:37:51,082 - INFO - 处理进度: 5350/5670 (94.36%)
2024-12-13 02:37:51,157 - INFO - PUT http://localhost:9201/_bulk [status:200 duration:0.070s]
2024-12-13 02:37:51,158 - INFO - 处理进度: 5400/5670 (95.24%)
2024-12-13 02:37:51,230 - INFO - PUT http://localhost:9201/_bulk [status:200 duration:0.068s]
2024-12-13 02:37:51,231 - INFO - 处理进度: 5450/5670 (96.12%)
2024-12-13 02:37:51,278 - INFO - PUT http://localhost:9201/_bulk [status:200 duration:0.044s]
2024-12-13 02:37:51,279 - INFO - 处理进度: 5500/5670 (97.00%)
2024-12-13 02:37:51,318 - INFO - PUT http://localhost:9201/_bulk [status:200 duration:0.036s]
2024-12-13 02:37:51,318 - INFO - 增量更新完成。成功: 5520 个文档，失败: 150 个文档
2024-12-13 02:37:51,320 - INFO - 失败文档详情已保存到: logs\failed_updates_20241213_023751.log
2024-12-13 02:37:51,322 - INFO - 数据库连接已关闭
2024-12-13 02:44:55,169 - INFO - HEAD http://localhost:9201/nku_search [status:200 duration:0.006s]
2024-12-13 02:44:55,174 - INFO - GET http://localhost:9201/nku_search/_stats [status:200 duration:0.004s]
2024-12-13 02:44:55,201 - INFO - Elasticsearch 索引统计:
2024-12-13 02:44:55,201 - INFO - 文档数量: 8470
2024-12-13 02:44:55,202 - INFO - 索引大小: 54.98 MB
2024-12-13 02:44:55,202 - INFO - 
MongoDB 统计:
2024-12-13 02:44:55,203 - INFO - 文档数量: 6620
2024-12-13 02:44:55,206 - INFO - GET http://localhost:9201/nku_search/_mapping [status:200 duration:0.002s]
2024-12-13 02:44:55,206 - INFO - 
索引映射:
2024-12-13 02:44:55,206 - INFO - {'nku_search': {'mappings': {'properties': {'anchor_texts': {'type': 'nested', 'properties': {'text': {'type': 'text', 'analyzer': 'ik_max_word'}, 'url': {'type': 'keyword'}}}, 'content': {'type': 'text', 'fields': {'keyword': {'type': 'keyword', 'ignore_above': 256}}, 'analyzer': 'ik_max_word'}, 'content_type': {'type': 'keyword'}, 'department': {'type': 'keyword'}, 'outlinks': {'type': 'keyword'}, 'pagerank_score': {'type': 'float'}, 'publish_time': {'type': 'date', 'format': 'yyyy-MM-dd HH:mm:ss||yyyy-MM-dd||epoch_millis'}, 'snapshot_time': {'type': 'date', 'format': 'yyyy-MM-dd HH:mm:ss||yyyy-MM-dd||epoch_millis'}, 'title': {'type': 'text', 'fields': {'keyword': {'type': 'keyword', 'ignore_above': 256}}, 'analyzer': 'ik_max_word'}, 'url': {'type': 'keyword'}}}}}
2024-12-13 02:44:55,213 - INFO - POST http://localhost:9201/nku_search/_search [status:200 duration:0.005s]
2024-12-13 02:44:55,219 - INFO - 没有新文档需要索引
2024-12-13 02:44:55,221 - INFO - 数据库连接已关闭
2024-12-13 02:45:25,927 - INFO - HEAD http://localhost:9201/nku_search [status:200 duration:0.006s]
2024-12-13 02:45:25,941 - INFO - GET http://localhost:9201/nku_search/_stats [status:200 duration:0.004s]
2024-12-13 02:45:25,947 - INFO - Elasticsearch 索引统计:
2024-12-13 02:45:25,948 - INFO - 文档数量: 2100
2024-12-13 02:45:25,948 - INFO - 索引大小: 0.33 MB
2024-12-13 02:45:25,948 - INFO - 
MongoDB 统计:
2024-12-13 02:45:25,948 - INFO - 文档数量: 6620
2024-12-13 02:45:25,950 - INFO - GET http://localhost:9201/nku_search/_mapping [status:200 duration:0.002s]
2024-12-13 02:45:25,950 - INFO - 
索引映射:
2024-12-13 02:45:25,950 - INFO - {'nku_search': {'mappings': {'properties': {'anchor_texts': {'type': 'nested', 'properties': {'text': {'type': 'text', 'analyzer': 'ik_max_word'}, 'url': {'type': 'keyword'}}}, 'content': {'type': 'text', 'fields': {'keyword': {'type': 'keyword', 'ignore_above': 256}}, 'analyzer': 'ik_max_word'}, 'content_type': {'type': 'keyword'}, 'department': {'type': 'keyword'}, 'outlinks': {'type': 'keyword'}, 'pagerank_score': {'type': 'float'}, 'publish_time': {'type': 'date', 'format': 'yyyy-MM-dd HH:mm:ss||yyyy-MM-dd||epoch_millis'}, 'snapshot_time': {'type': 'date', 'format': 'yyyy-MM-dd HH:mm:ss||yyyy-MM-dd||epoch_millis'}, 'title': {'type': 'text', 'fields': {'keyword': {'type': 'keyword', 'ignore_above': 256}}, 'analyzer': 'ik_max_word'}, 'url': {'type': 'keyword'}}}}}
2024-12-13 02:45:25,955 - INFO - POST http://localhost:9201/nku_search/_search [status:200 duration:0.004s]
2024-12-13 02:45:25,960 - INFO - 发现 6520 个新文档需要索引
2024-12-13 02:45:26,039 - INFO - PUT http://localhost:9201/_bulk [status:200 duration:0.036s]
2024-12-13 02:45:26,040 - INFO - 处理进度: 50/6520 (0.77%)
2024-12-13 02:45:26,076 - INFO - PUT http://localhost:9201/_bulk [status:200 duration:0.034s]
2024-12-13 02:45:26,076 - INFO - 处理进度: 100/6520 (1.53%)
2024-12-13 02:45:26,120 - INFO - PUT http://localhost:9201/_bulk [status:200 duration:0.041s]
2024-12-13 02:45:26,120 - INFO - 处理进度: 150/6520 (2.30%)
2024-12-13 02:45:26,165 - INFO - PUT http://localhost:9201/_bulk [status:200 duration:0.042s]
2024-12-13 02:45:26,165 - INFO - 处理进度: 200/6520 (3.07%)
2024-12-13 02:45:26,460 - INFO - PUT http://localhost:9201/_bulk [status:200 duration:0.051s]
2024-12-13 02:45:26,460 - INFO - 处理进度: 250/6520 (3.83%)
2024-12-13 02:45:26,493 - INFO - PUT http://localhost:9201/_bulk [status:200 duration:0.030s]
2024-12-13 02:45:26,493 - INFO - 处理进度: 300/6520 (4.60%)
2024-12-13 02:45:26,565 - INFO - PUT http://localhost:9201/_bulk [status:200 duration:0.067s]
2024-12-13 02:45:26,565 - INFO - 处理进度: 350/6520 (5.37%)
2024-12-13 02:45:26,603 - INFO - PUT http://localhost:9201/_bulk [status:200 duration:0.036s]
2024-12-13 02:45:26,604 - INFO - 处理进度: 400/6520 (6.13%)
2024-12-13 02:45:26,662 - INFO - PUT http://localhost:9201/_bulk [status:200 duration:0.054s]
2024-12-13 02:45:26,663 - INFO - 处理进度: 450/6520 (6.90%)
2024-12-13 02:45:26,732 - INFO - PUT http://localhost:9201/_bulk [status:200 duration:0.066s]
2024-12-13 02:45:26,733 - INFO - 处理进度: 500/6520 (7.67%)
2024-12-13 02:45:26,779 - INFO - PUT http://localhost:9201/_bulk [status:200 duration:0.042s]
2024-12-13 02:45:26,779 - INFO - 处理进度: 550/6520 (8.44%)
2024-12-13 02:45:26,828 - INFO - PUT http://localhost:9201/_bulk [status:200 duration:0.046s]
2024-12-13 02:45:26,828 - INFO - 处理进度: 600/6520 (9.20%)
2024-12-13 02:45:26,890 - INFO - PUT http://localhost:9201/_bulk [status:200 duration:0.057s]
2024-12-13 02:45:26,891 - INFO - 处理进度: 650/6520 (9.97%)
2024-12-13 02:45:26,935 - INFO - PUT http://localhost:9201/_bulk [status:200 duration:0.041s]
2024-12-13 02:45:26,936 - INFO - 处理进度: 700/6520 (10.74%)
2024-12-13 02:45:26,985 - INFO - PUT http://localhost:9201/_bulk [status:200 duration:0.046s]
2024-12-13 02:45:26,985 - INFO - 处理进度: 750/6520 (11.50%)
2024-12-13 02:45:27,051 - INFO - PUT http://localhost:9201/_bulk [status:200 duration:0.063s]
2024-12-13 02:45:27,051 - INFO - 处理进度: 800/6520 (12.27%)
2024-12-13 02:45:27,132 - INFO - PUT http://localhost:9201/_bulk [status:200 duration:0.077s]
2024-12-13 02:45:27,133 - INFO - 处理进度: 850/6520 (13.04%)
2024-12-13 02:45:27,184 - INFO - PUT http://localhost:9201/_bulk [status:200 duration:0.047s]
2024-12-13 02:45:27,185 - INFO - 处理进度: 900/6520 (13.80%)
2024-12-13 02:45:27,231 - INFO - PUT http://localhost:9201/_bulk [status:200 duration:0.043s]
2024-12-13 02:45:27,232 - INFO - 处理进度: 950/6520 (14.57%)
2024-12-13 02:45:27,287 - INFO - PUT http://localhost:9201/_bulk [status:200 duration:0.051s]
2024-12-13 02:45:27,288 - INFO - 处理进度: 1000/6520 (15.34%)
2024-12-13 02:45:27,334 - INFO - PUT http://localhost:9201/_bulk [status:200 duration:0.043s]
2024-12-13 02:45:27,335 - INFO - 处理进度: 1050/6520 (16.10%)
2024-12-13 02:45:27,377 - INFO - PUT http://localhost:9201/_bulk [status:200 duration:0.039s]
2024-12-13 02:45:27,377 - INFO - 处理进度: 1100/6520 (16.87%)
2024-12-13 02:45:27,414 - INFO - PUT http://localhost:9201/_bulk [status:200 duration:0.034s]
2024-12-13 02:45:27,415 - INFO - 处理进度: 1150/6520 (17.64%)
2024-12-13 02:45:27,690 - INFO - PUT http://localhost:9201/_bulk [status:200 duration:0.050s]
2024-12-13 02:45:27,691 - INFO - 处理进度: 1200/6520 (18.40%)
2024-12-13 02:45:27,734 - INFO - PUT http://localhost:9201/_bulk [status:200 duration:0.041s]
2024-12-13 02:45:27,735 - INFO - 处理进度: 1250/6520 (19.17%)
2024-12-13 02:45:27,778 - INFO - PUT http://localhost:9201/_bulk [status:200 duration:0.041s]
2024-12-13 02:45:27,779 - INFO - 处理进度: 1300/6520 (19.94%)
2024-12-13 02:45:27,821 - INFO - PUT http://localhost:9201/_bulk [status:200 duration:0.040s]
2024-12-13 02:45:27,822 - INFO - 处理进度: 1350/6520 (20.71%)
2024-12-13 02:45:27,876 - INFO - PUT http://localhost:9201/_bulk [status:200 duration:0.053s]
2024-12-13 02:45:27,876 - INFO - 处理进度: 1400/6520 (21.47%)
2024-12-13 02:45:27,919 - INFO - PUT http://localhost:9201/_bulk [status:200 duration:0.040s]
2024-12-13 02:45:27,919 - INFO - 处理进度: 1450/6520 (22.24%)
2024-12-13 02:45:27,982 - INFO - PUT http://localhost:9201/_bulk [status:200 duration:0.060s]
2024-12-13 02:45:27,982 - INFO - 处理进度: 1500/6520 (23.01%)
2024-12-13 02:45:28,039 - INFO - PUT http://localhost:9201/_bulk [status:200 duration:0.054s]
2024-12-13 02:45:28,039 - INFO - 处理进度: 1550/6520 (23.77%)
2024-12-13 02:45:28,188 - INFO - PUT http://localhost:9201/_bulk [status:200 duration:0.145s]
2024-12-13 02:45:28,189 - INFO - 处理进度: 1600/6520 (24.54%)
2024-12-13 02:45:28,256 - INFO - PUT http://localhost:9201/_bulk [status:200 duration:0.064s]
2024-12-13 02:45:28,257 - INFO - 处理进度: 1650/6520 (25.31%)
2024-12-13 02:45:28,300 - INFO - PUT http://localhost:9201/_bulk [status:200 duration:0.040s]
2024-12-13 02:45:28,300 - INFO - 处理进度: 1700/6520 (26.07%)
2024-12-13 02:45:28,354 - INFO - PUT http://localhost:9201/_bulk [status:200 duration:0.050s]
2024-12-13 02:45:28,354 - INFO - 处理进度: 1750/6520 (26.84%)
2024-12-13 02:45:28,362 - INFO - PUT http://localhost:9201/_bulk [status:400 duration:0.004s]
2024-12-13 02:45:28,363 - ERROR - 批量索引过程发生错误: 'str' object has no attribute 'get'
2024-12-13 02:45:28,363 - INFO - 处理进度: 1750/6520 (26.84%)
2024-12-13 02:45:28,400 - INFO - PUT http://localhost:9201/_bulk [status:200 duration:0.034s]
2024-12-13 02:45:28,401 - INFO - 处理进度: 1800/6520 (27.61%)
2024-12-13 02:45:28,441 - INFO - PUT http://localhost:9201/_bulk [status:200 duration:0.037s]
2024-12-13 02:45:28,441 - INFO - 处理进度: 1850/6520 (28.37%)
2024-12-13 02:45:28,501 - INFO - PUT http://localhost:9201/_bulk [status:200 duration:0.057s]
2024-12-13 02:45:28,502 - INFO - 处理进度: 1900/6520 (29.14%)
2024-12-13 02:45:28,543 - INFO - PUT http://localhost:9201/_bulk [status:200 duration:0.037s]
2024-12-13 02:45:28,544 - INFO - 处理进度: 1950/6520 (29.91%)
2024-12-13 02:45:28,592 - INFO - PUT http://localhost:9201/_bulk [status:200 duration:0.045s]
2024-12-13 02:45:28,592 - INFO - 处理进度: 2000/6520 (30.67%)
2024-12-13 02:45:28,638 - INFO - PUT http://localhost:9201/_bulk [status:200 duration:0.042s]
2024-12-13 02:45:28,638 - INFO - 处理进度: 2050/6520 (31.44%)
2024-12-13 02:45:28,684 - INFO - PUT http://localhost:9201/_bulk [status:200 duration:0.043s]
2024-12-13 02:45:28,685 - INFO - 处理进度: 2100/6520 (32.21%)
2024-12-13 02:45:28,732 - INFO - PUT http://localhost:9201/_bulk [status:200 duration:0.044s]
2024-12-13 02:45:28,733 - INFO - 处理进度: 2150/6520 (32.98%)
2024-12-13 02:45:28,784 - INFO - PUT http://localhost:9201/_bulk [status:200 duration:0.048s]
2024-12-13 02:45:28,784 - INFO - 处理进度: 2200/6520 (33.74%)
2024-12-13 02:45:28,820 - INFO - PUT http://localhost:9201/_bulk [status:200 duration:0.034s]
2024-12-13 02:45:28,821 - INFO - 处理进度: 2250/6520 (34.51%)
2024-12-13 02:45:29,122 - INFO - PUT http://localhost:9201/_bulk [status:200 duration:0.035s]
2024-12-13 02:45:29,123 - INFO - 处理进度: 2300/6520 (35.28%)
2024-12-13 02:45:29,159 - INFO - PUT http://localhost:9201/_bulk [status:200 duration:0.034s]
2024-12-13 02:45:29,159 - INFO - 处理进度: 2350/6520 (36.04%)
2024-12-13 02:45:29,201 - INFO - PUT http://localhost:9201/_bulk [status:200 duration:0.039s]
2024-12-13 02:45:29,202 - INFO - 处理进度: 2400/6520 (36.81%)
2024-12-13 02:45:29,208 - INFO - PUT http://localhost:9201/_bulk [status:400 duration:0.004s]
2024-12-13 02:45:29,209 - ERROR - 批量索引过程发生错误: 'str' object has no attribute 'get'
2024-12-13 02:45:29,209 - INFO - 处理进度: 2400/6520 (36.81%)
2024-12-13 02:45:29,251 - INFO - PUT http://localhost:9201/_bulk [status:200 duration:0.039s]
2024-12-13 02:45:29,251 - INFO - 处理进度: 2450/6520 (37.58%)
2024-12-13 02:45:29,308 - INFO - PUT http://localhost:9201/_bulk [status:200 duration:0.055s]
2024-12-13 02:45:29,308 - INFO - 处理进度: 2500/6520 (38.34%)
2024-12-13 02:45:29,350 - INFO - PUT http://localhost:9201/_bulk [status:200 duration:0.037s]
2024-12-13 02:45:29,351 - INFO - 处理进度: 2550/6520 (39.11%)
2024-12-13 02:45:29,389 - INFO - PUT http://localhost:9201/_bulk [status:200 duration:0.036s]
2024-12-13 02:45:29,390 - INFO - 处理进度: 2600/6520 (39.88%)
2024-12-13 02:45:29,435 - INFO - PUT http://localhost:9201/_bulk [status:200 duration:0.042s]
2024-12-13 02:45:29,436 - INFO - 处理进度: 2650/6520 (40.64%)
2024-12-13 02:45:29,477 - INFO - PUT http://localhost:9201/_bulk [status:200 duration:0.039s]
2024-12-13 02:45:29,478 - INFO - 处理进度: 2700/6520 (41.41%)
2024-12-13 02:45:29,517 - INFO - PUT http://localhost:9201/_bulk [status:200 duration:0.036s]
2024-12-13 02:45:29,517 - INFO - 处理进度: 2750/6520 (42.18%)
2024-12-13 02:45:29,845 - INFO - PUT http://localhost:9201/_bulk [status:200 duration:0.048s]
2024-12-13 02:45:29,845 - INFO - 处理进度: 2800/6520 (42.94%)
2024-12-13 02:45:30,076 - INFO - PUT http://localhost:9201/_bulk [status:200 duration:0.068s]
2024-12-13 02:45:30,076 - INFO - 处理进度: 2850/6520 (43.71%)
2024-12-13 02:45:30,557 - INFO - PUT http://localhost:9201/_bulk [status:200 duration:0.038s]
2024-12-13 02:45:30,557 - INFO - 处理进度: 2900/6520 (44.48%)
2024-12-13 02:45:30,741 - INFO - PUT http://localhost:9201/_bulk [status:200 duration:0.036s]
2024-12-13 02:45:30,741 - INFO - 处理进度: 2950/6520 (45.25%)
2024-12-13 02:45:30,777 - INFO - PUT http://localhost:9201/_bulk [status:200 duration:0.033s]
2024-12-13 02:45:30,777 - INFO - 处理进度: 3000/6520 (46.01%)
2024-12-13 02:45:30,944 - INFO - PUT http://localhost:9201/_bulk [status:200 duration:0.034s]
2024-12-13 02:45:30,945 - INFO - 处理进度: 3050/6520 (46.78%)
2024-12-13 02:45:30,999 - INFO - PUT http://localhost:9201/_bulk [status:200 duration:0.050s]
2024-12-13 02:45:30,999 - INFO - 处理进度: 3100/6520 (47.55%)
2024-12-13 02:45:31,237 - INFO - PUT http://localhost:9201/_bulk [status:200 duration:0.070s]
2024-12-13 02:45:31,238 - INFO - 处理进度: 3150/6520 (48.31%)
2024-12-13 02:45:31,276 - INFO - PUT http://localhost:9201/_bulk [status:200 duration:0.036s]
2024-12-13 02:45:31,276 - INFO - 处理进度: 3200/6520 (49.08%)
2024-12-13 02:45:31,313 - INFO - PUT http://localhost:9201/_bulk [status:200 duration:0.035s]
2024-12-13 02:45:31,313 - INFO - 处理进度: 3250/6520 (49.85%)
2024-12-13 02:45:31,356 - INFO - PUT http://localhost:9201/_bulk [status:200 duration:0.041s]
2024-12-13 02:45:31,356 - INFO - 处理进度: 3300/6520 (50.61%)
2024-12-13 02:45:31,407 - INFO - PUT http://localhost:9201/_bulk [status:200 duration:0.048s]
2024-12-13 02:45:31,407 - INFO - 处理进度: 3350/6520 (51.38%)
2024-12-13 02:45:31,448 - INFO - PUT http://localhost:9201/_bulk [status:200 duration:0.038s]
2024-12-13 02:45:31,448 - INFO - 处理进度: 3400/6520 (52.15%)
2024-12-13 02:45:31,491 - INFO - PUT http://localhost:9201/_bulk [status:200 duration:0.041s]
2024-12-13 02:45:31,491 - INFO - 处理进度: 3450/6520 (52.91%)
2024-12-13 02:45:31,530 - INFO - PUT http://localhost:9201/_bulk [status:200 duration:0.036s]
2024-12-13 02:45:31,530 - INFO - 处理进度: 3500/6520 (53.68%)
2024-12-13 02:45:31,568 - INFO - PUT http://localhost:9201/_bulk [status:200 duration:0.036s]
2024-12-13 02:45:31,569 - INFO - 处理进度: 3550/6520 (54.45%)
2024-12-13 02:45:31,611 - INFO - PUT http://localhost:9201/_bulk [status:200 duration:0.040s]
2024-12-13 02:45:31,612 - INFO - 处理进度: 3600/6520 (55.21%)
2024-12-13 02:45:31,657 - INFO - PUT http://localhost:9201/_bulk [status:200 duration:0.042s]
2024-12-13 02:45:31,657 - INFO - 处理进度: 3650/6520 (55.98%)
2024-12-13 02:45:31,711 - INFO - PUT http://localhost:9201/_bulk [status:200 duration:0.050s]
2024-12-13 02:45:31,712 - INFO - 处理进度: 3700/6520 (56.75%)
2024-12-13 02:45:31,745 - INFO - PUT http://localhost:9201/_bulk [status:200 duration:0.031s]
2024-12-13 02:45:31,745 - INFO - 处理进度: 3750/6520 (57.52%)
2024-12-13 02:45:31,783 - INFO - PUT http://localhost:9201/_bulk [status:200 duration:0.034s]
2024-12-13 02:45:31,784 - INFO - 处理进度: 3800/6520 (58.28%)
2024-12-13 02:45:31,832 - INFO - PUT http://localhost:9201/_bulk [status:200 duration:0.045s]
2024-12-13 02:45:31,832 - INFO - 处理进度: 3850/6520 (59.05%)
2024-12-13 02:45:31,878 - INFO - PUT http://localhost:9201/_bulk [status:200 duration:0.043s]
2024-12-13 02:45:31,879 - INFO - 处理进度: 3900/6520 (59.82%)
2024-12-13 02:45:31,915 - INFO - PUT http://localhost:9201/_bulk [status:200 duration:0.034s]
2024-12-13 02:45:31,916 - INFO - 处理进度: 3950/6520 (60.58%)
2024-12-13 02:45:31,951 - INFO - PUT http://localhost:9201/_bulk [status:200 duration:0.033s]
2024-12-13 02:45:31,951 - INFO - 处理进度: 4000/6520 (61.35%)
2024-12-13 02:45:31,985 - INFO - PUT http://localhost:9201/_bulk [status:200 duration:0.032s]
2024-12-13 02:45:31,985 - INFO - 处理进度: 4050/6520 (62.12%)
2024-12-13 02:45:32,026 - INFO - PUT http://localhost:9201/_bulk [status:200 duration:0.038s]
2024-12-13 02:45:32,026 - INFO - 处理进度: 4100/6520 (62.88%)
2024-12-13 02:45:32,057 - INFO - PUT http://localhost:9201/_bulk [status:200 duration:0.029s]
2024-12-13 02:45:32,057 - INFO - 处理进度: 4150/6520 (63.65%)
2024-12-13 02:45:32,400 - INFO - PUT http://localhost:9201/_bulk [status:200 duration:0.181s]
2024-12-13 02:45:32,402 - INFO - 处理进度: 4200/6520 (64.42%)
2024-12-13 02:45:32,436 - INFO - PUT http://localhost:9201/_bulk [status:200 duration:0.032s]
2024-12-13 02:45:32,436 - INFO - 处理进度: 4250/6520 (65.18%)
2024-12-13 02:45:32,490 - INFO - PUT http://localhost:9201/_bulk [status:200 duration:0.050s]
2024-12-13 02:45:32,490 - INFO - 处理进度: 4300/6520 (65.95%)
2024-12-13 02:45:33,160 - INFO - PUT http://localhost:9201/_bulk [status:200 duration:0.636s]
2024-12-13 02:45:33,161 - INFO - 处理进度: 4350/6520 (66.72%)
2024-12-13 02:45:33,842 - INFO - PUT http://localhost:9201/_bulk [status:200 duration:0.552s]
2024-12-13 02:45:33,842 - INFO - 处理进度: 4400/6520 (67.48%)
2024-12-13 02:45:33,886 - INFO - PUT http://localhost:9201/_bulk [status:200 duration:0.042s]
2024-12-13 02:45:33,886 - INFO - 处理进度: 4450/6520 (68.25%)
2024-12-13 02:45:33,927 - INFO - PUT http://localhost:9201/_bulk [status:200 duration:0.038s]
2024-12-13 02:45:33,927 - INFO - 处理进度: 4500/6520 (69.02%)
2024-12-13 02:45:35,040 - INFO - PUT http://localhost:9201/_bulk [status:200 duration:0.886s]
2024-12-13 02:45:35,041 - INFO - 处理进度: 4550/6520 (69.79%)
2024-12-13 02:45:35,088 - INFO - PUT http://localhost:9201/_bulk [status:200 duration:0.044s]
2024-12-13 02:45:35,088 - INFO - 处理进度: 4600/6520 (70.55%)
2024-12-13 02:45:35,135 - INFO - PUT http://localhost:9201/_bulk [status:200 duration:0.044s]
2024-12-13 02:45:35,135 - INFO - 处理进度: 4650/6520 (71.32%)
2024-12-13 02:45:35,144 - INFO - PUT http://localhost:9201/_bulk [status:400 duration:0.006s]
2024-12-13 02:45:35,144 - ERROR - 批量索引过程发生错误: 'str' object has no attribute 'get'
2024-12-13 02:45:35,145 - INFO - 处理进度: 4650/6520 (71.32%)
2024-12-13 02:45:35,188 - INFO - PUT http://localhost:9201/_bulk [status:200 duration:0.040s]
2024-12-13 02:45:35,188 - INFO - 处理进度: 4700/6520 (72.09%)
2024-12-13 02:45:35,235 - INFO - PUT http://localhost:9201/_bulk [status:200 duration:0.044s]
2024-12-13 02:45:35,236 - INFO - 处理进度: 4750/6520 (72.85%)
2024-12-13 02:45:35,298 - INFO - PUT http://localhost:9201/_bulk [status:200 duration:0.057s]
2024-12-13 02:45:35,298 - INFO - 处理进度: 4800/6520 (73.62%)
2024-12-13 02:45:35,530 - INFO - PUT http://localhost:9201/_bulk [status:200 duration:0.046s]
2024-12-13 02:45:35,531 - INFO - 处理进度: 4850/6520 (74.39%)
2024-12-13 02:45:35,582 - INFO - PUT http://localhost:9201/_bulk [status:200 duration:0.049s]
2024-12-13 02:45:35,583 - INFO - 处理进度: 4900/6520 (75.15%)
2024-12-13 02:45:35,626 - INFO - PUT http://localhost:9201/_bulk [status:200 duration:0.041s]
2024-12-13 02:45:35,626 - INFO - 处理进度: 4950/6520 (75.92%)
2024-12-13 02:45:35,691 - INFO - PUT http://localhost:9201/_bulk [status:200 duration:0.059s]
2024-12-13 02:45:35,692 - INFO - 处理进度: 5000/6520 (76.69%)
2024-12-13 02:45:35,751 - INFO - PUT http://localhost:9201/_bulk [status:200 duration:0.056s]
2024-12-13 02:45:35,752 - INFO - 处理进度: 5050/6520 (77.45%)
2024-12-13 02:45:35,792 - INFO - PUT http://localhost:9201/_bulk [status:200 duration:0.038s]
2024-12-13 02:45:35,793 - INFO - 处理进度: 5100/6520 (78.22%)
2024-12-13 02:45:35,831 - INFO - PUT http://localhost:9201/_bulk [status:200 duration:0.036s]
2024-12-13 02:45:35,832 - INFO - 处理进度: 5150/6520 (78.99%)
2024-12-13 02:45:35,873 - INFO - PUT http://localhost:9201/_bulk [status:200 duration:0.040s]
2024-12-13 02:45:35,874 - INFO - 处理进度: 5200/6520 (79.75%)
2024-12-13 02:45:35,926 - INFO - PUT http://localhost:9201/_bulk [status:200 duration:0.048s]
2024-12-13 02:45:35,926 - INFO - 处理进度: 5250/6520 (80.52%)
2024-12-13 02:45:35,977 - INFO - PUT http://localhost:9201/_bulk [status:200 duration:0.047s]
2024-12-13 02:45:35,977 - INFO - 处理进度: 5300/6520 (81.29%)
2024-12-13 02:45:36,043 - INFO - PUT http://localhost:9201/_bulk [status:200 duration:0.062s]
2024-12-13 02:45:36,043 - INFO - 处理进度: 5350/6520 (82.06%)
2024-12-13 02:45:36,107 - INFO - PUT http://localhost:9201/_bulk [status:200 duration:0.060s]
2024-12-13 02:45:36,108 - INFO - 处理进度: 5400/6520 (82.82%)
2024-12-13 02:45:36,161 - INFO - PUT http://localhost:9201/_bulk [status:200 duration:0.047s]
2024-12-13 02:45:36,161 - INFO - 处理进度: 5450/6520 (83.59%)
2024-12-13 02:45:36,208 - INFO - PUT http://localhost:9201/_bulk [status:200 duration:0.044s]
2024-12-13 02:45:36,208 - INFO - 处理进度: 5500/6520 (84.36%)
2024-12-13 02:45:36,253 - INFO - PUT http://localhost:9201/_bulk [status:200 duration:0.041s]
2024-12-13 02:45:36,253 - INFO - 处理进度: 5550/6520 (85.12%)
2024-12-13 02:45:36,302 - INFO - PUT http://localhost:9201/_bulk [status:200 duration:0.046s]
2024-12-13 02:45:36,302 - INFO - 处理进度: 5600/6520 (85.89%)
2024-12-13 02:45:36,349 - INFO - PUT http://localhost:9201/_bulk [status:200 duration:0.043s]
2024-12-13 02:45:36,350 - INFO - 处理进度: 5650/6520 (86.66%)
2024-12-13 02:45:36,397 - INFO - PUT http://localhost:9201/_bulk [status:200 duration:0.044s]
2024-12-13 02:45:36,398 - INFO - 处理进度: 5700/6520 (87.42%)
2024-12-13 02:45:36,455 - INFO - PUT http://localhost:9201/_bulk [status:200 duration:0.053s]
2024-12-13 02:45:36,456 - INFO - 处理进度: 5750/6520 (88.19%)
2024-12-13 02:45:36,775 - INFO - PUT http://localhost:9201/_bulk [status:200 duration:0.053s]
2024-12-13 02:45:36,776 - INFO - 处理进度: 5800/6520 (88.96%)
2024-12-13 02:45:36,844 - INFO - PUT http://localhost:9201/_bulk [status:200 duration:0.065s]
2024-12-13 02:45:36,844 - INFO - 处理进度: 5850/6520 (89.72%)
2024-12-13 02:45:36,894 - INFO - PUT http://localhost:9201/_bulk [status:200 duration:0.046s]
2024-12-13 02:45:36,895 - INFO - 处理进度: 5900/6520 (90.49%)
2024-12-13 02:45:36,940 - INFO - PUT http://localhost:9201/_bulk [status:200 duration:0.042s]
2024-12-13 02:45:36,940 - INFO - 处理进度: 5950/6520 (91.26%)
2024-12-13 02:45:37,014 - INFO - PUT http://localhost:9201/_bulk [status:200 duration:0.070s]
2024-12-13 02:45:37,014 - INFO - 处理进度: 6000/6520 (92.02%)
2024-12-13 02:45:37,064 - INFO - PUT http://localhost:9201/_bulk [status:200 duration:0.046s]
2024-12-13 02:45:37,065 - INFO - 处理进度: 6050/6520 (92.79%)
2024-12-13 02:45:37,106 - INFO - PUT http://localhost:9201/_bulk [status:200 duration:0.038s]
2024-12-13 02:45:37,107 - INFO - 处理进度: 6100/6520 (93.56%)
2024-12-13 02:45:37,145 - INFO - PUT http://localhost:9201/_bulk [status:200 duration:0.036s]
2024-12-13 02:45:37,146 - INFO - 处理进度: 6150/6520 (94.33%)
2024-12-13 02:45:37,190 - INFO - PUT http://localhost:9201/_bulk [status:200 duration:0.041s]
2024-12-13 02:45:37,191 - INFO - 处理进度: 6200/6520 (95.09%)
2024-12-13 02:45:37,238 - INFO - PUT http://localhost:9201/_bulk [status:200 duration:0.044s]
2024-12-13 02:45:37,238 - INFO - 处理进度: 6250/6520 (95.86%)
2024-12-13 02:45:37,312 - INFO - PUT http://localhost:9201/_bulk [status:200 duration:0.071s]
2024-12-13 02:45:37,313 - INFO - 处理进度: 6300/6520 (96.63%)
2024-12-13 02:45:37,510 - INFO - PUT http://localhost:9201/_bulk [status:200 duration:0.194s]
2024-12-13 02:45:37,510 - INFO - 处理进度: 6350/6520 (97.39%)
2024-12-13 02:45:37,591 - INFO - PUT http://localhost:9201/_bulk [status:200 duration:0.077s]
2024-12-13 02:45:37,592 - INFO - 处理进度: 6400/6520 (98.16%)
2024-12-13 02:45:37,689 - INFO - PUT http://localhost:9201/_bulk [status:200 duration:0.094s]
2024-12-13 02:45:37,690 - INFO - 处理进度: 6450/6520 (98.93%)
2024-12-13 02:45:37,772 - INFO - PUT http://localhost:9201/_bulk [status:200 duration:0.080s]
2024-12-13 02:45:37,773 - INFO - 处理进度: 6500/6520 (99.69%)
2024-12-13 02:45:37,841 - INFO - PUT http://localhost:9201/_bulk [status:200 duration:0.064s]
2024-12-13 02:45:37,842 - INFO - 处理进度: 6550/6520 (100.46%)
2024-12-13 02:45:37,949 - INFO - PUT http://localhost:9201/_bulk [status:200 duration:0.104s]
2024-12-13 02:45:37,950 - INFO - 处理进度: 6600/6520 (101.23%)
2024-12-13 02:45:38,020 - INFO - PUT http://localhost:9201/_bulk [status:200 duration:0.065s]
2024-12-13 02:45:38,021 - INFO - 处理进度: 6650/6520 (101.99%)
2024-12-13 02:45:38,073 - INFO - PUT http://localhost:9201/_bulk [status:200 duration:0.047s]
2024-12-13 02:45:38,073 - INFO - 处理进度: 6700/6520 (102.76%)
2024-12-13 02:45:38,135 - INFO - PUT http://localhost:9201/_bulk [status:200 duration:0.059s]
2024-12-13 02:45:38,136 - INFO - 处理进度: 6750/6520 (103.53%)
2024-12-13 02:45:38,208 - INFO - PUT http://localhost:9201/_bulk [status:200 duration:0.069s]
2024-12-13 02:45:38,209 - INFO - 处理进度: 6800/6520 (104.29%)
2024-12-13 02:45:38,465 - INFO - PUT http://localhost:9201/_bulk [status:200 duration:0.084s]
2024-12-13 02:45:38,466 - INFO - 处理进度: 6850/6520 (105.06%)
2024-12-13 02:45:38,581 - INFO - PUT http://localhost:9201/_bulk [status:200 duration:0.113s]
2024-12-13 02:45:38,582 - INFO - 处理进度: 6900/6520 (105.83%)
2024-12-13 02:45:38,637 - INFO - PUT http://localhost:9201/_bulk [status:200 duration:0.053s]
2024-12-13 02:45:38,637 - INFO - 处理进度: 6950/6520 (106.60%)
2024-12-13 02:45:38,707 - INFO - PUT http://localhost:9201/_bulk [status:200 duration:0.066s]
2024-12-13 02:45:38,707 - INFO - 处理进度: 7000/6520 (107.36%)
2024-12-13 02:45:38,793 - INFO - PUT http://localhost:9201/_bulk [status:200 duration:0.082s]
2024-12-13 02:45:38,793 - INFO - 处理进度: 7050/6520 (108.13%)
2024-12-13 02:45:38,846 - INFO - PUT http://localhost:9201/_bulk [status:200 duration:0.049s]
2024-12-13 02:45:38,846 - INFO - 处理进度: 7100/6520 (108.90%)
2024-12-13 02:45:38,905 - INFO - PUT http://localhost:9201/_bulk [status:200 duration:0.056s]
2024-12-13 02:45:38,906 - INFO - 处理进度: 7150/6520 (109.66%)
2024-12-13 02:45:38,984 - INFO - PUT http://localhost:9201/_bulk [status:200 duration:0.073s]
2024-12-13 02:45:38,985 - INFO - 处理进度: 7200/6520 (110.43%)
2024-12-13 02:45:39,045 - INFO - PUT http://localhost:9201/_bulk [status:200 duration:0.058s]
2024-12-13 02:45:39,045 - INFO - 处理进度: 7250/6520 (111.20%)
2024-12-13 02:45:39,108 - INFO - PUT http://localhost:9201/_bulk [status:200 duration:0.057s]
2024-12-13 02:45:39,109 - INFO - 处理进度: 7300/6520 (111.96%)
2024-12-13 02:45:39,169 - INFO - PUT http://localhost:9201/_bulk [status:200 duration:0.056s]
2024-12-13 02:45:39,170 - INFO - 处理进度: 7350/6520 (112.73%)
2024-12-13 02:45:39,221 - INFO - PUT http://localhost:9201/_bulk [status:200 duration:0.049s]
2024-12-13 02:45:39,221 - INFO - 处理进度: 7400/6520 (113.50%)
2024-12-13 02:45:39,285 - INFO - PUT http://localhost:9201/_bulk [status:200 duration:0.059s]
2024-12-13 02:45:39,286 - INFO - 处理进度: 7450/6520 (114.26%)
2024-12-13 02:45:39,333 - INFO - PUT http://localhost:9201/_bulk [status:200 duration:0.045s]
2024-12-13 02:45:39,334 - INFO - 处理进度: 7500/6520 (115.03%)
2024-12-13 02:45:39,404 - INFO - PUT http://localhost:9201/_bulk [status:200 duration:0.066s]
2024-12-13 02:45:39,404 - INFO - 处理进度: 7550/6520 (115.80%)
2024-12-13 02:45:39,450 - INFO - PUT http://localhost:9201/_bulk [status:200 duration:0.044s]
2024-12-13 02:45:39,451 - INFO - 处理进度: 7600/6520 (116.56%)
2024-12-13 02:45:39,497 - INFO - PUT http://localhost:9201/_bulk [status:200 duration:0.042s]
2024-12-13 02:45:39,497 - INFO - 处理进度: 7650/6520 (117.33%)
2024-12-13 02:45:39,539 - INFO - PUT http://localhost:9201/_bulk [status:200 duration:0.038s]
2024-12-13 02:45:39,539 - INFO - 处理进度: 7700/6520 (118.10%)
2024-12-13 02:45:39,583 - INFO - PUT http://localhost:9201/_bulk [status:200 duration:0.041s]
2024-12-13 02:45:39,583 - INFO - 处理进度: 7750/6520 (118.87%)
2024-12-13 02:45:39,639 - INFO - PUT http://localhost:9201/_bulk [status:200 duration:0.052s]
2024-12-13 02:45:39,640 - INFO - 处理进度: 7800/6520 (119.63%)
2024-12-13 02:45:39,696 - INFO - PUT http://localhost:9201/_bulk [status:200 duration:0.053s]
2024-12-13 02:45:39,696 - INFO - 处理进度: 7850/6520 (120.40%)
2024-12-13 02:45:39,742 - INFO - PUT http://localhost:9201/_bulk [status:200 duration:0.043s]
2024-12-13 02:45:39,743 - INFO - 处理进度: 7900/6520 (121.17%)
2024-12-13 02:45:40,063 - INFO - PUT http://localhost:9201/_bulk [status:200 duration:0.044s]
2024-12-13 02:45:40,063 - INFO - 处理进度: 7950/6520 (121.93%)
2024-12-13 02:45:40,119 - INFO - PUT http://localhost:9201/_bulk [status:200 duration:0.054s]
2024-12-13 02:45:40,119 - INFO - 处理进度: 8000/6520 (122.70%)
2024-12-13 02:45:40,188 - INFO - PUT http://localhost:9201/_bulk [status:200 duration:0.065s]
2024-12-13 02:45:40,189 - INFO - 处理进度: 8050/6520 (123.47%)
2024-12-13 02:45:40,239 - INFO - PUT http://localhost:9201/_bulk [status:200 duration:0.048s]
2024-12-13 02:45:40,239 - INFO - 处理进度: 8100/6520 (124.23%)
2024-12-13 02:45:40,281 - INFO - PUT http://localhost:9201/_bulk [status:200 duration:0.039s]
2024-12-13 02:45:40,282 - INFO - 处理进度: 8150/6520 (125.00%)
2024-12-13 02:45:40,331 - INFO - PUT http://localhost:9201/_bulk [status:200 duration:0.047s]
2024-12-13 02:45:40,331 - INFO - 处理进度: 8200/6520 (125.77%)
2024-12-13 02:45:40,374 - INFO - PUT http://localhost:9201/_bulk [status:200 duration:0.041s]
2024-12-13 02:45:40,374 - INFO - 处理进度: 8250/6520 (126.53%)
2024-12-13 02:45:40,415 - INFO - PUT http://localhost:9201/_bulk [status:200 duration:0.038s]
2024-12-13 02:45:40,415 - INFO - 处理进度: 8300/6520 (127.30%)
2024-12-13 02:45:40,451 - INFO - PUT http://localhost:9201/_bulk [status:200 duration:0.033s]
2024-12-13 02:45:40,451 - INFO - 处理进度: 8350/6520 (128.07%)
2024-12-13 02:45:40,494 - INFO - PUT http://localhost:9201/_bulk [status:200 duration:0.041s]
2024-12-13 02:45:40,494 - INFO - 处理进度: 8400/6520 (128.83%)
2024-12-13 02:45:40,531 - INFO - PUT http://localhost:9201/_bulk [status:200 duration:0.032s]
2024-12-13 02:45:40,531 - INFO - 处理进度: 8450/6520 (129.60%)
2024-12-13 02:45:40,594 - INFO - PUT http://localhost:9201/_bulk [status:200 duration:0.061s]
2024-12-13 02:45:40,595 - INFO - 处理进度: 8500/6520 (130.37%)
2024-12-13 02:45:40,655 - INFO - PUT http://localhost:9201/_bulk [status:200 duration:0.055s]
2024-12-13 02:45:40,655 - INFO - 处理进度: 8550/6520 (131.13%)
2024-12-13 02:45:40,703 - INFO - PUT http://localhost:9201/_bulk [status:200 duration:0.044s]
2024-12-13 02:45:40,703 - INFO - 处理进度: 8600/6520 (131.90%)
2024-12-13 02:45:40,752 - INFO - PUT http://localhost:9201/_bulk [status:200 duration:0.044s]
2024-12-13 02:45:40,752 - INFO - 处理进度: 8650/6520 (132.67%)
2024-12-13 02:45:40,801 - INFO - PUT http://localhost:9201/_bulk [status:200 duration:0.046s]
2024-12-13 02:45:40,801 - INFO - 处理进度: 8700/6520 (133.44%)
2024-12-13 02:45:40,867 - INFO - PUT http://localhost:9201/_bulk [status:200 duration:0.061s]
2024-12-13 02:45:40,868 - INFO - 处理进度: 8750/6520 (134.20%)
2024-12-13 02:45:40,929 - INFO - PUT http://localhost:9201/_bulk [status:200 duration:0.058s]
2024-12-13 02:45:40,929 - INFO - 处理进度: 8800/6520 (134.97%)
2024-12-13 02:45:40,976 - INFO - PUT http://localhost:9201/_bulk [status:200 duration:0.044s]
2024-12-13 02:45:40,976 - INFO - 处理进度: 8850/6520 (135.74%)
2024-12-13 02:45:41,015 - INFO - PUT http://localhost:9201/_bulk [status:200 duration:0.035s]
2024-12-13 02:45:41,015 - INFO - 处理进度: 8900/6520 (136.50%)
2024-12-13 02:45:41,063 - INFO - PUT http://localhost:9201/_bulk [status:200 duration:0.044s]
2024-12-13 02:45:41,063 - INFO - 处理进度: 8950/6520 (137.27%)
2024-12-13 02:45:41,118 - INFO - PUT http://localhost:9201/_bulk [status:200 duration:0.052s]
2024-12-13 02:45:41,118 - INFO - 处理进度: 9000/6520 (138.04%)
2024-12-13 02:45:41,407 - INFO - PUT http://localhost:9201/_bulk [status:200 duration:0.051s]
2024-12-13 02:45:41,408 - INFO - 处理进度: 9050/6520 (138.80%)
2024-12-13 02:45:41,452 - INFO - PUT http://localhost:9201/_bulk [status:200 duration:0.041s]
2024-12-13 02:45:41,453 - INFO - 处理进度: 9100/6520 (139.57%)
2024-12-13 02:45:41,507 - INFO - PUT http://localhost:9201/_bulk [status:200 duration:0.051s]
2024-12-13 02:45:41,508 - INFO - 处理进度: 9150/6520 (140.34%)
2024-12-13 02:45:41,552 - INFO - PUT http://localhost:9201/_bulk [status:200 duration:0.042s]
2024-12-13 02:45:41,553 - INFO - 处理进度: 9200/6520 (141.10%)
2024-12-13 02:45:41,618 - INFO - PUT http://localhost:9201/_bulk [status:200 duration:0.059s]
2024-12-13 02:45:41,618 - INFO - 处理进度: 9250/6520 (141.87%)
2024-12-13 02:45:41,666 - INFO - PUT http://localhost:9201/_bulk [status:200 duration:0.045s]
2024-12-13 02:45:41,667 - INFO - 处理进度: 9300/6520 (142.64%)
2024-12-13 02:45:41,730 - INFO - PUT http://localhost:9201/_bulk [status:200 duration:0.059s]
2024-12-13 02:45:41,730 - INFO - 处理进度: 9350/6520 (143.40%)
2024-12-13 02:45:41,801 - INFO - PUT http://localhost:9201/_bulk [status:200 duration:0.067s]
2024-12-13 02:45:41,801 - INFO - 处理进度: 9400/6520 (144.17%)
2024-12-13 02:45:41,845 - INFO - PUT http://localhost:9201/_bulk [status:200 duration:0.041s]
2024-12-13 02:45:41,846 - INFO - 处理进度: 9450/6520 (144.94%)
2024-12-13 02:45:41,898 - INFO - PUT http://localhost:9201/_bulk [status:200 duration:0.048s]
2024-12-13 02:45:41,899 - INFO - 处理进度: 9500/6520 (145.71%)
2024-12-13 02:45:41,940 - INFO - PUT http://localhost:9201/_bulk [status:200 duration:0.039s]
2024-12-13 02:45:41,940 - INFO - 处理进度: 9550/6520 (146.47%)
2024-12-13 02:45:42,001 - INFO - PUT http://localhost:9201/_bulk [status:200 duration:0.057s]
2024-12-13 02:45:42,001 - INFO - 处理进度: 9600/6520 (147.24%)
2024-12-13 02:45:42,083 - INFO - PUT http://localhost:9201/_bulk [status:200 duration:0.077s]
2024-12-13 02:45:42,083 - INFO - 处理进度: 9650/6520 (148.01%)
2024-12-13 02:45:42,118 - INFO - PUT http://localhost:9201/_bulk [status:200 duration:0.032s]
2024-12-13 02:45:42,118 - INFO - 处理进度: 9700/6520 (148.77%)
2024-12-13 02:45:42,163 - INFO - PUT http://localhost:9201/_bulk [status:200 duration:0.040s]
2024-12-13 02:45:42,163 - INFO - 处理进度: 9750/6520 (149.54%)
2024-12-13 02:45:42,212 - INFO - PUT http://localhost:9201/_bulk [status:200 duration:0.046s]
2024-12-13 02:45:42,212 - INFO - 处理进度: 9800/6520 (150.31%)
2024-12-13 02:45:42,260 - INFO - PUT http://localhost:9201/_bulk [status:200 duration:0.044s]
2024-12-13 02:45:42,261 - INFO - 处理进度: 9850/6520 (151.07%)
2024-12-13 02:45:42,311 - INFO - PUT http://localhost:9201/_bulk [status:200 duration:0.047s]
2024-12-13 02:45:42,311 - INFO - 处理进度: 9900/6520 (151.84%)
2024-12-13 02:45:42,352 - INFO - PUT http://localhost:9201/_bulk [status:200 duration:0.037s]
2024-12-13 02:45:42,353 - INFO - 处理进度: 9950/6520 (152.61%)
2024-12-13 02:45:42,392 - INFO - PUT http://localhost:9201/_bulk [status:200 duration:0.037s]
2024-12-13 02:45:42,394 - INFO - 处理进度: 10000/6520 (153.37%)
2024-12-13 02:45:42,458 - INFO - PUT http://localhost:9201/_bulk [status:200 duration:0.061s]
2024-12-13 02:45:42,458 - INFO - 处理进度: 10050/6520 (154.14%)
2024-12-13 02:45:42,508 - INFO - PUT http://localhost:9201/_bulk [status:200 duration:0.047s]
2024-12-13 02:45:42,508 - INFO - 处理进度: 10100/6520 (154.91%)
2024-12-13 02:45:42,730 - INFO - PUT http://localhost:9201/_bulk [status:200 duration:0.043s]
2024-12-13 02:45:42,730 - INFO - 处理进度: 10150/6520 (155.67%)
2024-12-13 02:45:42,770 - INFO - PUT http://localhost:9201/_bulk [status:200 duration:0.037s]
2024-12-13 02:45:42,770 - INFO - 处理进度: 10200/6520 (156.44%)
2024-12-13 02:45:42,810 - INFO - PUT http://localhost:9201/_bulk [status:200 duration:0.037s]
2024-12-13 02:45:42,810 - INFO - 处理进度: 10250/6520 (157.21%)
2024-12-13 02:45:42,868 - INFO - PUT http://localhost:9201/_bulk [status:200 duration:0.055s]
2024-12-13 02:45:42,869 - INFO - 处理进度: 10300/6520 (157.98%)
2024-12-13 02:45:42,911 - INFO - PUT http://localhost:9201/_bulk [status:200 duration:0.040s]
2024-12-13 02:45:42,911 - INFO - 处理进度: 10350/6520 (158.74%)
2024-12-13 02:45:42,967 - INFO - PUT http://localhost:9201/_bulk [status:200 duration:0.053s]
2024-12-13 02:45:42,968 - INFO - 处理进度: 10400/6520 (159.51%)
2024-12-13 02:45:43,009 - INFO - PUT http://localhost:9201/_bulk [status:200 duration:0.038s]
2024-12-13 02:45:43,010 - INFO - 处理进度: 10450/6520 (160.28%)
2024-12-13 02:45:43,053 - INFO - PUT http://localhost:9201/_bulk [status:200 duration:0.040s]
2024-12-13 02:45:43,054 - INFO - 处理进度: 10500/6520 (161.04%)
2024-12-13 02:45:43,100 - INFO - PUT http://localhost:9201/_bulk [status:200 duration:0.043s]
2024-12-13 02:45:43,100 - INFO - 处理进度: 10550/6520 (161.81%)
2024-12-13 02:45:43,157 - INFO - PUT http://localhost:9201/_bulk [status:200 duration:0.054s]
2024-12-13 02:45:43,158 - INFO - 处理进度: 10600/6520 (162.58%)
2024-12-13 02:45:43,221 - INFO - PUT http://localhost:9201/_bulk [status:200 duration:0.059s]
2024-12-13 02:45:43,221 - INFO - 处理进度: 10650/6520 (163.34%)
2024-12-13 02:45:43,269 - INFO - PUT http://localhost:9201/_bulk [status:200 duration:0.045s]
2024-12-13 02:45:43,269 - INFO - 处理进度: 10700/6520 (164.11%)
2024-12-13 02:45:43,323 - INFO - PUT http://localhost:9201/_bulk [status:200 duration:0.049s]
2024-12-13 02:45:43,323 - INFO - 处理进度: 10750/6520 (164.88%)
2024-12-13 02:45:43,364 - INFO - PUT http://localhost:9201/_bulk [status:200 duration:0.038s]
2024-12-13 02:45:43,365 - INFO - 处理进度: 10800/6520 (165.64%)
2024-12-13 02:45:43,407 - INFO - PUT http://localhost:9201/_bulk [status:200 duration:0.039s]
2024-12-13 02:45:43,408 - INFO - 处理进度: 10850/6520 (166.41%)
2024-12-13 02:45:43,457 - INFO - PUT http://localhost:9201/_bulk [status:200 duration:0.046s]
2024-12-13 02:45:43,458 - INFO - 处理进度: 10900/6520 (167.18%)
2024-12-13 02:45:43,515 - INFO - PUT http://localhost:9201/_bulk [status:200 duration:0.055s]
2024-12-13 02:45:43,516 - INFO - 处理进度: 10950/6520 (167.94%)
2024-12-13 02:45:43,573 - INFO - PUT http://localhost:9201/_bulk [status:200 duration:0.053s]
2024-12-13 02:45:43,573 - INFO - 处理进度: 11000/6520 (168.71%)
2024-12-13 02:45:43,617 - INFO - PUT http://localhost:9201/_bulk [status:200 duration:0.042s]
2024-12-13 02:45:43,618 - INFO - 处理进度: 11050/6520 (169.48%)
2024-12-13 02:45:43,669 - INFO - PUT http://localhost:9201/_bulk [status:200 duration:0.047s]
2024-12-13 02:45:43,669 - INFO - 处理进度: 11100/6520 (170.25%)
2024-12-13 02:45:43,718 - INFO - PUT http://localhost:9201/_bulk [status:200 duration:0.044s]
2024-12-13 02:45:43,718 - INFO - 处理进度: 11150/6520 (171.01%)
2024-12-13 02:45:43,769 - INFO - PUT http://localhost:9201/_bulk [status:200 duration:0.048s]
2024-12-13 02:45:43,769 - INFO - 处理进度: 11200/6520 (171.78%)
2024-12-13 02:45:44,190 - INFO - PUT http://localhost:9201/_bulk [status:200 duration:0.072s]
2024-12-13 02:45:44,190 - INFO - 处理进度: 11250/6520 (172.55%)
2024-12-13 02:45:44,239 - INFO - PUT http://localhost:9201/_bulk [status:200 duration:0.046s]
2024-12-13 02:45:44,240 - INFO - 处理进度: 11300/6520 (173.31%)
2024-12-13 02:45:44,287 - INFO - PUT http://localhost:9201/_bulk [status:200 duration:0.045s]
2024-12-13 02:45:44,288 - INFO - 处理进度: 11350/6520 (174.08%)
2024-12-13 02:45:44,337 - INFO - PUT http://localhost:9201/_bulk [status:200 duration:0.046s]
2024-12-13 02:45:44,337 - INFO - 处理进度: 11400/6520 (174.85%)
2024-12-13 02:45:44,407 - INFO - PUT http://localhost:9201/_bulk [status:200 duration:0.066s]
2024-12-13 02:45:44,407 - INFO - 处理进度: 11450/6520 (175.61%)
2024-12-13 02:45:44,494 - INFO - PUT http://localhost:9201/_bulk [status:200 duration:0.082s]
2024-12-13 02:45:44,494 - INFO - 处理进度: 11500/6520 (176.38%)
2024-12-13 02:45:44,565 - INFO - PUT http://localhost:9201/_bulk [status:200 duration:0.066s]
2024-12-13 02:45:44,565 - INFO - 处理进度: 11550/6520 (177.15%)
2024-12-13 02:45:44,623 - INFO - PUT http://localhost:9201/_bulk [status:200 duration:0.054s]
2024-12-13 02:45:44,624 - INFO - 处理进度: 11600/6520 (177.91%)
2024-12-13 02:45:44,667 - INFO - PUT http://localhost:9201/_bulk [status:200 duration:0.041s]
2024-12-13 02:45:44,667 - INFO - 处理进度: 11650/6520 (178.68%)
2024-12-13 02:45:44,716 - INFO - PUT http://localhost:9201/_bulk [status:200 duration:0.045s]
2024-12-13 02:45:44,716 - INFO - 处理进度: 11700/6520 (179.45%)
2024-12-13 02:45:44,784 - INFO - PUT http://localhost:9201/_bulk [status:200 duration:0.065s]
2024-12-13 02:45:44,784 - INFO - 处理进度: 11750/6520 (180.21%)
2024-12-13 02:45:44,829 - INFO - PUT http://localhost:9201/_bulk [status:200 duration:0.042s]
2024-12-13 02:45:44,829 - INFO - 处理进度: 11800/6520 (180.98%)
2024-12-13 02:45:44,870 - INFO - PUT http://localhost:9201/_bulk [status:200 duration:0.038s]
2024-12-13 02:45:44,871 - INFO - 处理进度: 11850/6520 (181.75%)
2024-12-13 02:45:44,919 - INFO - PUT http://localhost:9201/_bulk [status:200 duration:0.046s]
2024-12-13 02:45:44,919 - INFO - 处理进度: 11900/6520 (182.52%)
2024-12-13 02:45:44,995 - INFO - PUT http://localhost:9201/_bulk [status:200 duration:0.073s]
2024-12-13 02:45:44,997 - INFO - 处理进度: 11950/6520 (183.28%)
2024-12-13 02:45:45,063 - INFO - PUT http://localhost:9201/_bulk [status:200 duration:0.064s]
2024-12-13 02:45:45,064 - INFO - 处理进度: 12000/6520 (184.05%)
2024-12-13 02:45:45,103 - INFO - PUT http://localhost:9201/_bulk [status:200 duration:0.037s]
2024-12-13 02:45:45,104 - INFO - 处理进度: 12050/6520 (184.82%)
2024-12-13 02:45:45,137 - INFO - PUT http://localhost:9201/_bulk [status:200 duration:0.031s]
2024-12-13 02:45:45,138 - INFO - 处理进度: 12100/6520 (185.58%)
2024-12-13 02:45:45,194 - INFO - PUT http://localhost:9201/_bulk [status:200 duration:0.054s]
2024-12-13 02:45:45,194 - INFO - 处理进度: 12150/6520 (186.35%)
2024-12-13 02:45:45,281 - INFO - PUT http://localhost:9201/_bulk [status:200 duration:0.083s]
2024-12-13 02:45:45,283 - INFO - 处理进度: 12200/6520 (187.12%)
2024-12-13 02:45:45,506 - INFO - PUT http://localhost:9201/_bulk [status:200 duration:0.061s]
2024-12-13 02:45:45,506 - INFO - 处理进度: 12250/6520 (187.88%)
2024-12-13 02:45:45,600 - INFO - PUT http://localhost:9201/_bulk [status:200 duration:0.090s]
2024-12-13 02:45:45,601 - INFO - 处理进度: 12300/6520 (188.65%)
2024-12-13 02:45:45,676 - INFO - PUT http://localhost:9201/_bulk [status:200 duration:0.069s]
2024-12-13 02:45:45,676 - INFO - 处理进度: 12350/6520 (189.42%)
2024-12-13 02:45:45,743 - INFO - PUT http://localhost:9201/_bulk [status:200 duration:0.063s]
2024-12-13 02:45:45,744 - INFO - 处理进度: 12400/6520 (190.18%)
2024-12-13 02:45:45,822 - INFO - PUT http://localhost:9201/_bulk [status:200 duration:0.075s]
2024-12-13 02:45:45,823 - INFO - 处理进度: 12450/6520 (190.95%)
2024-12-13 02:45:45,884 - INFO - PUT http://localhost:9201/_bulk [status:200 duration:0.058s]
2024-12-13 02:45:45,885 - INFO - 处理进度: 12500/6520 (191.72%)
2024-12-13 02:45:45,949 - INFO - PUT http://localhost:9201/_bulk [status:200 duration:0.062s]
2024-12-13 02:45:45,950 - INFO - 处理进度: 12550/6520 (192.48%)
2024-12-13 02:45:46,020 - INFO - PUT http://localhost:9201/_bulk [status:200 duration:0.067s]
2024-12-13 02:45:46,021 - INFO - 处理进度: 12600/6520 (193.25%)
2024-12-13 02:45:46,085 - INFO - PUT http://localhost:9201/_bulk [status:200 duration:0.061s]
2024-12-13 02:45:46,086 - INFO - 处理进度: 12650/6520 (194.02%)
2024-12-13 02:45:46,190 - INFO - PUT http://localhost:9201/_bulk [status:200 duration:0.100s]
2024-12-13 02:45:46,190 - INFO - 处理进度: 12700/6520 (194.79%)
2024-12-13 02:45:46,253 - INFO - PUT http://localhost:9201/_bulk [status:200 duration:0.060s]
2024-12-13 02:45:46,253 - INFO - 处理进度: 12750/6520 (195.55%)
2024-12-13 02:45:46,299 - INFO - PUT http://localhost:9201/_bulk [status:200 duration:0.042s]
2024-12-13 02:45:46,299 - INFO - 处理进度: 12800/6520 (196.32%)
2024-12-13 02:45:46,347 - INFO - PUT http://localhost:9201/_bulk [status:200 duration:0.046s]
2024-12-13 02:45:46,348 - INFO - 处理进度: 12850/6520 (197.09%)
2024-12-13 02:45:46,402 - INFO - PUT http://localhost:9201/_bulk [status:200 duration:0.052s]
2024-12-13 02:45:46,402 - INFO - 增量更新完成。成功: 12890 个文档，失败: 150 个文档
2024-12-13 02:45:46,405 - INFO - 失败文档详情已保存到: logs\failed_updates_20241213_024546.log
2024-12-13 02:45:46,407 - INFO - 数据库连接已关闭
2024-12-13 02:47:17,933 - INFO - HEAD http://localhost:9201/nku_search [status:200 duration:0.061s]
2024-12-13 02:47:17,954 - INFO - GET http://localhost:9201/nku_search/_stats [status:200 duration:0.011s]
2024-12-13 02:47:17,964 - INFO - Elasticsearch 索引统计:
2024-12-13 02:47:17,964 - INFO - 文档数量: 2100
2024-12-13 02:47:17,964 - INFO - 索引大小: 1.12 MB
2024-12-13 02:47:17,964 - INFO - 
MongoDB 统计:
2024-12-13 02:47:17,964 - INFO - 文档数量: 6620
2024-12-13 02:47:17,971 - INFO - GET http://localhost:9201/nku_search/_mapping [status:200 duration:0.007s]
2024-12-13 02:47:17,971 - INFO - 
索引映射:
2024-12-13 02:47:17,971 - INFO - {'nku_search': {'mappings': {'properties': {'anchor_texts': {'type': 'nested', 'properties': {'text': {'type': 'text', 'analyzer': 'ik_max_word'}, 'url': {'type': 'keyword'}}}, 'content': {'type': 'text', 'fields': {'keyword': {'type': 'keyword', 'ignore_above': 256}}, 'analyzer': 'ik_max_word'}, 'content_type': {'type': 'keyword'}, 'department': {'type': 'keyword'}, 'outlinks': {'type': 'keyword'}, 'pagerank_score': {'type': 'float'}, 'publish_time': {'type': 'date', 'format': 'yyyy-MM-dd HH:mm:ss||yyyy-MM-dd||epoch_millis'}, 'snapshot_time': {'type': 'date', 'format': 'yyyy-MM-dd HH:mm:ss||yyyy-MM-dd||epoch_millis'}, 'title': {'type': 'text', 'fields': {'keyword': {'type': 'keyword', 'ignore_above': 256}}, 'analyzer': 'ik_max_word'}, 'url': {'type': 'keyword'}}}}}
2024-12-13 02:47:17,976 - INFO - POST http://localhost:9201/nku_search/_search [status:200 duration:0.005s]
2024-12-13 02:47:17,984 - INFO - 发现 6520 个新文档需要索引
2024-12-13 02:47:18,077 - INFO - PUT http://localhost:9201/_bulk [status:200 duration:0.037s]
2024-12-13 02:47:18,078 - INFO - 处理进度: 50/6520 (0.77%)
2024-12-13 02:47:18,120 - INFO - PUT http://localhost:9201/_bulk [status:200 duration:0.040s]
2024-12-13 02:47:18,121 - INFO - 处理进度: 100/6520 (1.53%)
2024-12-13 02:47:18,341 - INFO - PUT http://localhost:9201/_bulk [status:200 duration:0.041s]
2024-12-13 02:47:18,341 - INFO - 处理进度: 150/6520 (2.30%)
2024-12-13 02:47:18,399 - INFO - PUT http://localhost:9201/_bulk [status:200 duration:0.055s]
2024-12-13 02:47:18,399 - INFO - 处理进度: 200/6520 (3.07%)
2024-12-13 02:47:18,457 - INFO - PUT http://localhost:9201/_bulk [status:200 duration:0.053s]
2024-12-13 02:47:18,457 - INFO - 处理进度: 250/6520 (3.83%)
2024-12-13 02:47:18,503 - INFO - PUT http://localhost:9201/_bulk [status:200 duration:0.042s]
2024-12-13 02:47:18,504 - INFO - 处理进度: 300/6520 (4.60%)
2024-12-13 02:47:18,615 - INFO - PUT http://localhost:9201/_bulk [status:200 duration:0.108s]
2024-12-13 02:47:18,616 - INFO - 处理进度: 350/6520 (5.37%)
2024-12-13 02:47:18,709 - INFO - PUT http://localhost:9201/_bulk [status:200 duration:0.088s]
2024-12-13 02:47:18,709 - INFO - 处理进度: 400/6520 (6.13%)
2024-12-13 02:47:18,808 - INFO - PUT http://localhost:9201/_bulk [status:200 duration:0.095s]
2024-12-13 02:47:18,809 - INFO - 处理进度: 450/6520 (6.90%)
2024-12-13 02:47:18,875 - INFO - PUT http://localhost:9201/_bulk [status:200 duration:0.061s]
2024-12-13 02:47:18,875 - INFO - 处理进度: 500/6520 (7.67%)
2024-12-13 02:47:18,918 - INFO - PUT http://localhost:9201/_bulk [status:200 duration:0.039s]
2024-12-13 02:47:18,919 - INFO - 处理进度: 550/6520 (8.44%)
2024-12-13 02:47:19,158 - INFO - PUT http://localhost:9201/_bulk [status:200 duration:0.043s]
2024-12-13 02:47:19,159 - INFO - 处理进度: 600/6520 (9.20%)
2024-12-13 02:47:19,203 - INFO - PUT http://localhost:9201/_bulk [status:200 duration:0.041s]
2024-12-13 02:47:19,203 - INFO - 处理进度: 650/6520 (9.97%)
2024-12-13 02:47:19,243 - INFO - PUT http://localhost:9201/_bulk [status:200 duration:0.037s]
2024-12-13 02:47:19,243 - INFO - 处理进度: 700/6520 (10.74%)
2024-12-13 02:47:19,292 - INFO - PUT http://localhost:9201/_bulk [status:200 duration:0.047s]
2024-12-13 02:47:19,292 - INFO - 处理进度: 750/6520 (11.50%)
2024-12-13 02:47:19,337 - INFO - PUT http://localhost:9201/_bulk [status:200 duration:0.041s]
2024-12-13 02:47:19,337 - INFO - 处理进度: 800/6520 (12.27%)
2024-12-13 02:47:19,385 - INFO - PUT http://localhost:9201/_bulk [status:200 duration:0.043s]
2024-12-13 02:47:19,387 - INFO - 处理进度: 850/6520 (13.04%)
2024-12-13 02:47:19,396 - INFO - PUT http://localhost:9201/_bulk [status:400 duration:0.005s]
2024-12-13 02:47:19,396 - ERROR - 批量索引过程发生错误: 'str' object has no attribute 'get'
2024-12-13 02:47:19,397 - INFO - 处理进度: 850/6520 (13.04%)
2024-12-13 02:47:19,443 - INFO - PUT http://localhost:9201/_bulk [status:200 duration:0.043s]
2024-12-13 02:47:19,443 - INFO - 处理进度: 900/6520 (13.80%)
2024-12-13 02:47:19,491 - INFO - PUT http://localhost:9201/_bulk [status:200 duration:0.043s]
2024-12-13 02:47:19,491 - INFO - 处理进度: 950/6520 (14.57%)
2024-12-13 02:47:19,553 - INFO - PUT http://localhost:9201/_bulk [status:200 duration:0.057s]
2024-12-13 02:47:19,555 - INFO - 处理进度: 1000/6520 (15.34%)
2024-12-13 02:47:19,600 - INFO - PUT http://localhost:9201/_bulk [status:200 duration:0.042s]
2024-12-13 02:47:19,600 - INFO - 处理进度: 1050/6520 (16.10%)
2024-12-13 02:47:19,638 - INFO - PUT http://localhost:9201/_bulk [status:200 duration:0.035s]
2024-12-13 02:47:19,640 - INFO - 处理进度: 1100/6520 (16.87%)
2024-12-13 02:47:19,860 - INFO - PUT http://localhost:9201/_bulk [status:200 duration:0.035s]
2024-12-13 02:47:19,860 - INFO - 处理进度: 1150/6520 (17.64%)
2024-12-13 02:47:19,870 - INFO - PUT http://localhost:9201/_bulk [status:400 duration:0.005s]
2024-12-13 02:47:19,871 - ERROR - 批量索引过程发生错误: 'str' object has no attribute 'get'
2024-12-13 02:47:19,871 - INFO - 处理进度: 1150/6520 (17.64%)
2024-12-13 02:47:19,913 - INFO - PUT http://localhost:9201/_bulk [status:200 duration:0.039s]
2024-12-13 02:47:19,914 - INFO - 处理进度: 1200/6520 (18.40%)
2024-12-13 02:47:19,962 - INFO - PUT http://localhost:9201/_bulk [status:200 duration:0.046s]
2024-12-13 02:47:19,963 - INFO - 处理进度: 1250/6520 (19.17%)
2024-12-13 02:47:20,040 - INFO - PUT http://localhost:9201/_bulk [status:200 duration:0.074s]
2024-12-13 02:47:20,041 - INFO - 处理进度: 1300/6520 (19.94%)
2024-12-13 02:47:20,267 - INFO - PUT http://localhost:9201/_bulk [status:200 duration:0.048s]
2024-12-13 02:47:20,267 - INFO - 处理进度: 1350/6520 (20.71%)
2024-12-13 02:47:21,071 - INFO - PUT http://localhost:9201/_bulk [status:200 duration:0.040s]
2024-12-13 02:47:21,072 - INFO - 处理进度: 1400/6520 (21.47%)
2024-12-13 02:47:21,303 - INFO - PUT http://localhost:9201/_bulk [status:200 duration:0.036s]
2024-12-13 02:47:21,303 - INFO - 处理进度: 1450/6520 (22.24%)
2024-12-13 02:47:21,496 - INFO - PUT http://localhost:9201/_bulk [status:200 duration:0.038s]
2024-12-13 02:47:21,496 - INFO - 处理进度: 1500/6520 (23.01%)
2024-12-13 02:47:21,679 - INFO - PUT http://localhost:9201/_bulk [status:200 duration:0.043s]
2024-12-13 02:47:21,680 - INFO - 处理进度: 1550/6520 (23.77%)
2024-12-13 02:47:21,715 - INFO - PUT http://localhost:9201/_bulk [status:200 duration:0.032s]
2024-12-13 02:47:21,715 - INFO - 处理进度: 1600/6520 (24.54%)
2024-12-13 02:47:21,752 - INFO - PUT http://localhost:9201/_bulk [status:200 duration:0.034s]
2024-12-13 02:47:21,752 - INFO - 处理进度: 1650/6520 (25.31%)
2024-12-13 02:47:21,789 - INFO - PUT http://localhost:9201/_bulk [status:200 duration:0.035s]
2024-12-13 02:47:21,790 - INFO - 处理进度: 1700/6520 (26.07%)
2024-12-13 02:47:21,828 - INFO - PUT http://localhost:9201/_bulk [status:200 duration:0.035s]
2024-12-13 02:47:21,828 - INFO - 处理进度: 1750/6520 (26.84%)
2024-12-13 02:47:21,870 - INFO - PUT http://localhost:9201/_bulk [status:200 duration:0.038s]
2024-12-13 02:47:21,870 - INFO - 处理进度: 1800/6520 (27.61%)
2024-12-13 02:47:21,907 - INFO - PUT http://localhost:9201/_bulk [status:200 duration:0.035s]
2024-12-13 02:47:21,908 - INFO - 处理进度: 1850/6520 (28.37%)
2024-12-13 02:47:21,957 - INFO - PUT http://localhost:9201/_bulk [status:200 duration:0.046s]
2024-12-13 02:47:21,957 - INFO - 处理进度: 1900/6520 (29.14%)
2024-12-13 02:47:22,000 - INFO - PUT http://localhost:9201/_bulk [status:200 duration:0.037s]
2024-12-13 02:47:22,001 - INFO - 处理进度: 1950/6520 (29.91%)
2024-12-13 02:47:22,034 - INFO - PUT http://localhost:9201/_bulk [status:200 duration:0.031s]
2024-12-13 02:47:22,034 - INFO - 处理进度: 2000/6520 (30.67%)
2024-12-13 02:47:22,249 - INFO - PUT http://localhost:9201/_bulk [status:200 duration:0.073s]
2024-12-13 02:47:22,250 - INFO - 处理进度: 2050/6520 (31.44%)
2024-12-13 02:47:22,302 - INFO - PUT http://localhost:9201/_bulk [status:200 duration:0.049s]
2024-12-13 02:47:22,302 - INFO - 处理进度: 2100/6520 (32.21%)
2024-12-13 02:47:22,800 - INFO - PUT http://localhost:9201/_bulk [status:200 duration:0.352s]
2024-12-13 02:47:22,801 - INFO - 处理进度: 2150/6520 (32.98%)
2024-12-13 02:47:22,855 - INFO - PUT http://localhost:9201/_bulk [status:200 duration:0.051s]
2024-12-13 02:47:22,856 - INFO - 处理进度: 2200/6520 (33.74%)
2024-12-13 02:47:23,568 - INFO - PUT http://localhost:9201/_bulk [status:200 duration:0.497s]
2024-12-13 02:47:23,568 - INFO - 处理进度: 2250/6520 (34.51%)
2024-12-13 02:47:23,576 - INFO - PUT http://localhost:9201/_bulk [status:400 duration:0.004s]
2024-12-13 02:47:23,576 - ERROR - 批量索引过程发生错误: 'str' object has no attribute 'get'
2024-12-13 02:47:23,577 - INFO - 处理进度: 2250/6520 (34.51%)
2024-12-13 02:47:23,626 - INFO - PUT http://localhost:9201/_bulk [status:200 duration:0.045s]
2024-12-13 02:47:23,626 - INFO - 处理进度: 2300/6520 (35.28%)
2024-12-13 02:47:23,904 - INFO - PUT http://localhost:9201/_bulk [status:200 duration:0.073s]
2024-12-13 02:47:23,905 - INFO - 处理进度: 2350/6520 (36.04%)
2024-12-13 02:47:23,960 - INFO - PUT http://localhost:9201/_bulk [status:200 duration:0.050s]
2024-12-13 02:47:23,960 - INFO - 处理进度: 2400/6520 (36.81%)
2024-12-13 02:47:24,017 - INFO - PUT http://localhost:9201/_bulk [status:200 duration:0.052s]
2024-12-13 02:47:24,017 - INFO - 处理进度: 2450/6520 (37.58%)
2024-12-13 02:47:24,056 - INFO - PUT http://localhost:9201/_bulk [status:200 duration:0.036s]
2024-12-13 02:47:24,057 - INFO - 处理进度: 2500/6520 (38.34%)
2024-12-13 02:47:24,109 - INFO - PUT http://localhost:9201/_bulk [status:200 duration:0.049s]
2024-12-13 02:47:24,110 - INFO - 处理进度: 2550/6520 (39.11%)
2024-12-13 02:47:24,160 - INFO - PUT http://localhost:9201/_bulk [status:200 duration:0.046s]
2024-12-13 02:47:24,160 - INFO - 处理进度: 2600/6520 (39.88%)
2024-12-13 02:47:24,201 - INFO - PUT http://localhost:9201/_bulk [status:200 duration:0.038s]
2024-12-13 02:47:24,203 - INFO - 处理进度: 2650/6520 (40.64%)
2024-12-13 02:47:24,263 - INFO - PUT http://localhost:9201/_bulk [status:200 duration:0.057s]
2024-12-13 02:47:24,263 - INFO - 处理进度: 2700/6520 (41.41%)
2024-12-13 02:47:24,310 - INFO - PUT http://localhost:9201/_bulk [status:200 duration:0.042s]
2024-12-13 02:47:24,311 - INFO - 处理进度: 2750/6520 (42.18%)
2024-12-13 02:47:24,377 - INFO - PUT http://localhost:9201/_bulk [status:200 duration:0.063s]
2024-12-13 02:47:24,378 - INFO - 处理进度: 2800/6520 (42.94%)
2024-12-13 02:47:24,640 - INFO - PUT http://localhost:9201/_bulk [status:200 duration:0.060s]
2024-12-13 02:47:24,641 - INFO - 处理进度: 2850/6520 (43.71%)
2024-12-13 02:47:24,689 - INFO - PUT http://localhost:9201/_bulk [status:200 duration:0.044s]
2024-12-13 02:47:24,689 - INFO - 处理进度: 2900/6520 (44.48%)
2024-12-13 02:47:24,753 - INFO - PUT http://localhost:9201/_bulk [status:200 duration:0.060s]
2024-12-13 02:47:24,753 - INFO - 处理进度: 2950/6520 (45.25%)
2024-12-13 02:47:24,807 - INFO - PUT http://localhost:9201/_bulk [status:200 duration:0.050s]
2024-12-13 02:47:24,808 - INFO - 处理进度: 3000/6520 (46.01%)
2024-12-13 02:47:24,856 - INFO - PUT http://localhost:9201/_bulk [status:200 duration:0.045s]
2024-12-13 02:47:24,856 - INFO - 处理进度: 3050/6520 (46.78%)
2024-12-13 02:47:24,901 - INFO - PUT http://localhost:9201/_bulk [status:200 duration:0.040s]
2024-12-13 02:47:24,901 - INFO - 处理进度: 3100/6520 (47.55%)
2024-12-13 02:47:24,947 - INFO - PUT http://localhost:9201/_bulk [status:200 duration:0.042s]
2024-12-13 02:47:24,948 - INFO - 处理进度: 3150/6520 (48.31%)
2024-12-13 02:47:24,991 - INFO - PUT http://localhost:9201/_bulk [status:200 duration:0.041s]
2024-12-13 02:47:24,992 - INFO - 处理进度: 3200/6520 (49.08%)
2024-12-13 02:47:25,040 - INFO - PUT http://localhost:9201/_bulk [status:200 duration:0.045s]
2024-12-13 02:47:25,040 - INFO - 处理进度: 3250/6520 (49.85%)
2024-12-13 02:47:25,089 - INFO - PUT http://localhost:9201/_bulk [status:200 duration:0.045s]
2024-12-13 02:47:25,090 - INFO - 处理进度: 3300/6520 (50.61%)
2024-12-13 02:47:25,351 - INFO - PUT http://localhost:9201/_bulk [status:200 duration:0.048s]
2024-12-13 02:47:25,351 - INFO - 处理进度: 3350/6520 (51.38%)
2024-12-13 02:47:25,399 - INFO - PUT http://localhost:9201/_bulk [status:200 duration:0.045s]
2024-12-13 02:47:25,400 - INFO - 处理进度: 3400/6520 (52.15%)
2024-12-13 02:47:25,453 - INFO - PUT http://localhost:9201/_bulk [status:200 duration:0.049s]
2024-12-13 02:47:25,453 - INFO - 处理进度: 3450/6520 (52.91%)
2024-12-13 02:47:25,499 - INFO - PUT http://localhost:9201/_bulk [status:200 duration:0.043s]
2024-12-13 02:47:25,500 - INFO - 处理进度: 3500/6520 (53.68%)
2024-12-13 02:47:25,550 - INFO - PUT http://localhost:9201/_bulk [status:200 duration:0.047s]
2024-12-13 02:47:25,551 - INFO - 处理进度: 3550/6520 (54.45%)
2024-12-13 02:47:25,594 - INFO - PUT http://localhost:9201/_bulk [status:200 duration:0.040s]
2024-12-13 02:47:25,594 - INFO - 处理进度: 3600/6520 (55.21%)
2024-12-13 02:47:25,638 - INFO - PUT http://localhost:9201/_bulk [status:200 duration:0.040s]
2024-12-13 02:47:25,638 - INFO - 处理进度: 3650/6520 (55.98%)
2024-12-13 02:47:25,682 - INFO - PUT http://localhost:9201/_bulk [status:200 duration:0.039s]
2024-12-13 02:47:25,682 - INFO - 处理进度: 3700/6520 (56.75%)
2024-12-13 02:47:25,725 - INFO - PUT http://localhost:9201/_bulk [status:200 duration:0.039s]
2024-12-13 02:47:25,726 - INFO - 处理进度: 3750/6520 (57.52%)
2024-12-13 02:47:25,775 - INFO - PUT http://localhost:9201/_bulk [status:200 duration:0.046s]
2024-12-13 02:47:25,775 - INFO - 处理进度: 3800/6520 (58.28%)
2024-12-13 02:47:25,829 - INFO - PUT http://localhost:9201/_bulk [status:200 duration:0.049s]
2024-12-13 02:47:25,829 - INFO - 处理进度: 3850/6520 (59.05%)
2024-12-13 02:47:26,046 - INFO - PUT http://localhost:9201/_bulk [status:200 duration:0.040s]
2024-12-13 02:47:26,046 - INFO - 处理进度: 3900/6520 (59.82%)
2024-12-13 02:47:26,149 - INFO - PUT http://localhost:9201/_bulk [status:200 duration:0.100s]
2024-12-13 02:47:26,150 - INFO - 处理进度: 3950/6520 (60.58%)
2024-12-13 02:47:26,222 - INFO - PUT http://localhost:9201/_bulk [status:200 duration:0.069s]
2024-12-13 02:47:26,223 - INFO - 处理进度: 4000/6520 (61.35%)
2024-12-13 02:47:26,260 - INFO - PUT http://localhost:9201/_bulk [status:200 duration:0.034s]
2024-12-13 02:47:26,261 - INFO - 处理进度: 4050/6520 (62.12%)
2024-12-13 02:47:26,297 - INFO - PUT http://localhost:9201/_bulk [status:200 duration:0.033s]
2024-12-13 02:47:26,297 - INFO - 处理进度: 4100/6520 (62.88%)
2024-12-13 02:47:26,334 - INFO - PUT http://localhost:9201/_bulk [status:200 duration:0.033s]
2024-12-13 02:47:26,334 - INFO - 处理进度: 4150/6520 (63.65%)
2024-12-13 02:47:26,376 - INFO - PUT http://localhost:9201/_bulk [status:200 duration:0.038s]
2024-12-13 02:47:26,377 - INFO - 处理进度: 4200/6520 (64.42%)
2024-12-13 02:47:26,427 - INFO - PUT http://localhost:9201/_bulk [status:200 duration:0.047s]
2024-12-13 02:47:26,429 - INFO - 处理进度: 4250/6520 (65.18%)
2024-12-13 02:47:26,482 - INFO - PUT http://localhost:9201/_bulk [status:200 duration:0.049s]
2024-12-13 02:47:26,483 - INFO - 处理进度: 4300/6520 (65.95%)
2024-12-13 02:47:26,538 - INFO - PUT http://localhost:9201/_bulk [status:200 duration:0.052s]
2024-12-13 02:47:26,539 - INFO - 处理进度: 4350/6520 (66.72%)
2024-12-13 02:47:26,580 - INFO - PUT http://localhost:9201/_bulk [status:200 duration:0.037s]
2024-12-13 02:47:26,580 - INFO - 处理进度: 4400/6520 (67.48%)
2024-12-13 02:47:26,888 - INFO - PUT http://localhost:9201/_bulk [status:200 duration:0.060s]
2024-12-13 02:47:26,889 - INFO - 处理进度: 4450/6520 (68.25%)
2024-12-13 02:47:26,935 - INFO - PUT http://localhost:9201/_bulk [status:200 duration:0.044s]
2024-12-13 02:47:26,936 - INFO - 处理进度: 4500/6520 (69.02%)
2024-12-13 02:47:26,996 - INFO - PUT http://localhost:9201/_bulk [status:200 duration:0.058s]
2024-12-13 02:47:26,997 - INFO - 处理进度: 4550/6520 (69.79%)
2024-12-13 02:47:27,041 - INFO - PUT http://localhost:9201/_bulk [status:200 duration:0.041s]
2024-12-13 02:47:27,042 - INFO - 处理进度: 4600/6520 (70.55%)
2024-12-13 02:47:27,090 - INFO - PUT http://localhost:9201/_bulk [status:200 duration:0.046s]
2024-12-13 02:47:27,091 - INFO - 处理进度: 4650/6520 (71.32%)
2024-12-13 02:47:27,153 - INFO - PUT http://localhost:9201/_bulk [status:200 duration:0.059s]
2024-12-13 02:47:27,153 - INFO - 处理进度: 4700/6520 (72.09%)
2024-12-13 02:47:27,211 - INFO - PUT http://localhost:9201/_bulk [status:200 duration:0.053s]
2024-12-13 02:47:27,211 - INFO - 处理进度: 4750/6520 (72.85%)
2024-12-13 02:47:27,270 - INFO - PUT http://localhost:9201/_bulk [status:200 duration:0.056s]
2024-12-13 02:47:27,270 - INFO - 处理进度: 4800/6520 (73.62%)
2024-12-13 02:47:27,311 - INFO - PUT http://localhost:9201/_bulk [status:200 duration:0.038s]
2024-12-13 02:47:27,312 - INFO - 处理进度: 4850/6520 (74.39%)
2024-12-13 02:47:27,357 - INFO - PUT http://localhost:9201/_bulk [status:200 duration:0.041s]
2024-12-13 02:47:27,357 - INFO - 处理进度: 4900/6520 (75.15%)
2024-12-13 02:47:27,397 - INFO - PUT http://localhost:9201/_bulk [status:200 duration:0.036s]
2024-12-13 02:47:27,398 - INFO - 处理进度: 4950/6520 (75.92%)
2024-12-13 02:47:27,655 - INFO - PUT http://localhost:9201/_bulk [status:200 duration:0.041s]
2024-12-13 02:47:27,655 - INFO - 处理进度: 5000/6520 (76.69%)
2024-12-13 02:47:27,697 - INFO - PUT http://localhost:9201/_bulk [status:200 duration:0.040s]
2024-12-13 02:47:27,698 - INFO - 处理进度: 5050/6520 (77.45%)
2024-12-13 02:47:27,756 - INFO - PUT http://localhost:9201/_bulk [status:200 duration:0.056s]
2024-12-13 02:47:27,757 - INFO - 处理进度: 5100/6520 (78.22%)
2024-12-13 02:47:27,815 - INFO - PUT http://localhost:9201/_bulk [status:200 duration:0.054s]
2024-12-13 02:47:27,815 - INFO - 处理进度: 5150/6520 (78.99%)
2024-12-13 02:47:27,861 - INFO - PUT http://localhost:9201/_bulk [status:200 duration:0.041s]
2024-12-13 02:47:27,862 - INFO - 处理进度: 5200/6520 (79.75%)
2024-12-13 02:47:27,915 - INFO - PUT http://localhost:9201/_bulk [status:200 duration:0.050s]
2024-12-13 02:47:27,915 - INFO - 处理进度: 5250/6520 (80.52%)
2024-12-13 02:47:27,965 - INFO - PUT http://localhost:9201/_bulk [status:200 duration:0.045s]
2024-12-13 02:47:27,965 - INFO - 处理进度: 5300/6520 (81.29%)
2024-12-13 02:47:28,010 - INFO - PUT http://localhost:9201/_bulk [status:200 duration:0.041s]
2024-12-13 02:47:28,010 - INFO - 处理进度: 5350/6520 (82.06%)
2024-12-13 02:47:28,059 - INFO - PUT http://localhost:9201/_bulk [status:200 duration:0.045s]
2024-12-13 02:47:28,059 - INFO - 处理进度: 5400/6520 (82.82%)
2024-12-13 02:47:28,105 - INFO - PUT http://localhost:9201/_bulk [status:200 duration:0.043s]
2024-12-13 02:47:28,105 - INFO - 处理进度: 5450/6520 (83.59%)
2024-12-13 02:47:28,151 - INFO - PUT http://localhost:9201/_bulk [status:200 duration:0.041s]
2024-12-13 02:47:28,151 - INFO - 处理进度: 5500/6520 (84.36%)
2024-12-13 02:47:28,506 - INFO - PUT http://localhost:9201/_bulk [status:200 duration:0.049s]
2024-12-13 02:47:28,507 - INFO - 处理进度: 5550/6520 (85.12%)
2024-12-13 02:47:28,554 - INFO - PUT http://localhost:9201/_bulk [status:200 duration:0.044s]
2024-12-13 02:47:28,554 - INFO - 处理进度: 5600/6520 (85.89%)
2024-12-13 02:47:28,607 - INFO - PUT http://localhost:9201/_bulk [status:200 duration:0.049s]
2024-12-13 02:47:28,607 - INFO - 处理进度: 5650/6520 (86.66%)
2024-12-13 02:47:28,675 - INFO - PUT http://localhost:9201/_bulk [status:200 duration:0.064s]
2024-12-13 02:47:28,676 - INFO - 处理进度: 5700/6520 (87.42%)
2024-12-13 02:47:28,721 - INFO - PUT http://localhost:9201/_bulk [status:200 duration:0.042s]
2024-12-13 02:47:28,721 - INFO - 处理进度: 5750/6520 (88.19%)
2024-12-13 02:47:28,760 - INFO - PUT http://localhost:9201/_bulk [status:200 duration:0.036s]
2024-12-13 02:47:28,761 - INFO - 处理进度: 5800/6520 (88.96%)
2024-12-13 02:47:28,823 - INFO - PUT http://localhost:9201/_bulk [status:200 duration:0.058s]
2024-12-13 02:47:28,823 - INFO - 处理进度: 5850/6520 (89.72%)
2024-12-13 02:47:28,867 - INFO - PUT http://localhost:9201/_bulk [status:200 duration:0.039s]
2024-12-13 02:47:28,868 - INFO - 处理进度: 5900/6520 (90.49%)
2024-12-13 02:47:28,914 - INFO - PUT http://localhost:9201/_bulk [status:200 duration:0.043s]
2024-12-13 02:47:28,914 - INFO - 处理进度: 5950/6520 (91.26%)
2024-12-13 02:47:28,961 - INFO - PUT http://localhost:9201/_bulk [status:200 duration:0.043s]
2024-12-13 02:47:28,961 - INFO - 处理进度: 6000/6520 (92.02%)
2024-12-13 02:47:29,216 - INFO - PUT http://localhost:9201/_bulk [status:200 duration:0.056s]
2024-12-13 02:47:29,216 - INFO - 处理进度: 6050/6520 (92.79%)
2024-12-13 02:47:29,271 - INFO - PUT http://localhost:9201/_bulk [status:200 duration:0.052s]
2024-12-13 02:47:29,272 - INFO - 处理进度: 6100/6520 (93.56%)
2024-12-13 02:47:29,329 - INFO - PUT http://localhost:9201/_bulk [status:200 duration:0.055s]
2024-12-13 02:47:29,329 - INFO - 处理进度: 6150/6520 (94.33%)
2024-12-13 02:47:29,393 - INFO - PUT http://localhost:9201/_bulk [status:200 duration:0.060s]
2024-12-13 02:47:29,393 - INFO - 处理进度: 6200/6520 (95.09%)
2024-12-13 02:47:29,502 - INFO - PUT http://localhost:9201/_bulk [status:200 duration:0.104s]
2024-12-13 02:47:29,503 - INFO - 处理进度: 6250/6520 (95.86%)
2024-12-13 02:47:29,602 - INFO - PUT http://localhost:9201/_bulk [status:200 duration:0.093s]
2024-12-13 02:47:29,602 - INFO - 处理进度: 6300/6520 (96.63%)
2024-12-13 02:47:29,669 - INFO - PUT http://localhost:9201/_bulk [status:200 duration:0.064s]
2024-12-13 02:47:29,670 - INFO - 处理进度: 6350/6520 (97.39%)
2024-12-13 02:47:29,722 - INFO - PUT http://localhost:9201/_bulk [status:200 duration:0.050s]
2024-12-13 02:47:29,723 - INFO - 增量更新完成。成功: 6370 个文档，失败: 150 个文档
2024-12-13 02:47:29,724 - INFO - 失败文档详情已保存到: logs\failed_updates_20241213_024729.log
2024-12-13 02:47:29,725 - INFO - 数据库连接已关闭
2024-12-14 04:44:29,674 - INFO - HEAD http://localhost:9201/nku_search [status:200 duration:0.007s]
2024-12-14 04:44:29,685 - INFO - GET http://localhost:9201/nku_search/_stats [status:200 duration:0.010s]
2024-12-14 04:44:31,121 - INFO - Elasticsearch 索引统计:
2024-12-14 04:44:31,122 - INFO - 文档数量: 8470
2024-12-14 04:44:31,122 - INFO - 索引大小: 132.95 MB
2024-12-14 04:44:31,123 - INFO - 
MongoDB 统计:
2024-12-14 04:44:31,123 - INFO - 文档数量: 6620
2024-12-14 04:44:31,127 - INFO - GET http://localhost:9201/nku_search/_mapping [status:200 duration:0.004s]
2024-12-14 04:44:31,127 - INFO - 
索引映射:
2024-12-14 04:44:31,127 - INFO - {'nku_search': {'mappings': {'properties': {'anchor_texts': {'type': 'nested', 'properties': {'text': {'type': 'text', 'analyzer': 'ik_max_word'}, 'url': {'type': 'keyword'}}}, 'content': {'type': 'text', 'fields': {'keyword': {'type': 'keyword', 'ignore_above': 256}}, 'analyzer': 'ik_max_word'}, 'content_type': {'type': 'keyword'}, 'department': {'type': 'keyword'}, 'outlinks': {'type': 'keyword'}, 'pagerank_score': {'type': 'float'}, 'publish_time': {'type': 'date', 'format': 'yyyy-MM-dd HH:mm:ss||yyyy-MM-dd||epoch_millis'}, 'snapshot_time': {'type': 'date', 'format': 'yyyy-MM-dd HH:mm:ss||yyyy-MM-dd||epoch_millis'}, 'title': {'type': 'text', 'fields': {'keyword': {'type': 'keyword', 'ignore_above': 256}}, 'analyzer': 'ik_max_word'}, 'url': {'type': 'keyword'}}}}}
2024-12-14 04:44:31,154 - INFO - POST http://localhost:9201/nku_search/_search [status:200 duration:0.026s]
2024-12-14 04:44:31,164 - INFO - 没有新文档需要索引
2024-12-14 04:44:31,167 - INFO - 数据库连接已关闭
